#
# There is insufficient memory for the Java Runtime Environment to continue.
# Native memory allocation (malloc) failed to allocate 1515056 bytes. Error detail: Chunk::new
# Possible reasons:
#   The system is out of physical RAM or swap space
#   This process is running with CompressedOops enabled, and the Java Heap may be blocking the growth of the native heap
# Possible solutions:
#   Reduce memory load on the system
#   Increase physical memory or swap space
#   Check if swap backing store is full
#   Decrease Java heap size (-Xmx/-Xms)
#   Decrease number of Java threads
#   Decrease Java thread stack sizes (-Xss)
#   Set larger code cache with -XX:ReservedCodeCacheSize=
#   JVM is running with Unscaled Compressed Oops mode in which the Java heap is
#     placed in the first 4GB address space. The Java Heap base address is the
#     maximum limit for the native heap growth. Please use -XX:HeapBaseMinAddress
#     to set the Java Heap base and to place the Java Heap above 4GB virtual address.
# This output file may be truncated or incomplete.
#
#  Out of Memory Error (arena.cpp:168), pid=9496, tid=7800
#
# JRE version: OpenJDK Runtime Environment Temurin-21.0.8+9 (21.0.8+9) (build 21.0.8+9-LTS)
# Java VM: OpenJDK 64-Bit Server VM Temurin-21.0.8+9 (21.0.8+9-LTS, mixed mode, sharing, tiered, compressed oops, compressed class ptrs, parallel gc, windows-amd64)
# No core dump will be written. Minidumps are not enabled by default on client versions of Windows
#

---------------  S U M M A R Y ------------

Command Line: --add-modules=ALL-SYSTEM --add-opens=java.base/java.util=ALL-UNNAMED --add-opens=java.base/java.lang=ALL-UNNAMED --add-opens=java.base/sun.nio.fs=ALL-UNNAMED -Declipse.application=org.eclipse.jdt.ls.core.id1 -Dosgi.bundles.defaultStartLevel=4 -Declipse.product=org.eclipse.jdt.ls.core.product -Djava.import.generatesMetadataFilesAtProjectRoot=false -DDetectVMInstallationsJob.disabled=true -Dfile.encoding=utf8 -XX:+UseParallelGC -XX:GCTimeRatio=4 -XX:AdaptiveSizePolicyWeight=90 -Dsun.zip.disableMemoryMapping=true -Xmx2G -Xms100m -Xlog:disable -javaagent:c:\Users\HP\.vscode\extensions\redhat.java-1.47.0-win32-x64\lombok\lombok-1.18.39-4050.jar -XX:+HeapDumpOnOutOfMemoryError -XX:HeapDumpPath=c:\Users\HP\AppData\Roaming\Code\User\workspaceStorage\1e69dca82d2ee477196b82071fb0b605\redhat.java -Daether.dependencyCollector.impl=bf c:\Users\HP\.vscode\extensions\redhat.java-1.47.0-win32-x64\server\plugins\org.eclipse.equinox.launcher_1.7.100.v20251014-1222.jar -configuration c:\Users\HP\AppData\Roaming\Code\User\globalStorage\redhat.java\1.47.0\config_win -data c:\Users\HP\AppData\Roaming\Code\User\workspaceStorage\1e69dca82d2ee477196b82071fb0b605\redhat.java\jdt_ws --pipe=\\.\pipe\lsp-03857b2718ac4c9f12621ebcc16976c2-sock

Host: AMD Ryzen 5 5500U with Radeon Graphics         , 12 cores, 3G,  Windows 11 , 64 bit Build 26100 (10.0.26100.4768)
Time: Tue Nov 18 22:05:16 2025 India Standard Time elapsed time: 64.747655 seconds (0d 0h 1m 4s)

---------------  T H R E A D  ---------------

Current thread (0x00000190fa374090):  JavaThread "C2 CompilerThread0" daemon [_thread_in_native, id=7800, stack(0x000000650a500000,0x000000650a600000) (1024K)]


Current CompileTask:
C2:64747 9205   !   4       org.eclipse.jdt.internal.core.search.indexing.BinaryIndexer::indexDocument (1172 bytes)

Stack: [0x000000650a500000,0x000000650a600000]
Native frames: (J=compiled Java code, j=interpreted, Vv=VM code, C=native code)
V  [jvm.dll+0x6d2449]
V  [jvm.dll+0x8ae341]
V  [jvm.dll+0x8b08be]
V  [jvm.dll+0x8b0fa3]
V  [jvm.dll+0x280c96]
V  [jvm.dll+0xc581d]
V  [jvm.dll+0xc5d53]
V  [jvm.dll+0x3b9162]
V  [jvm.dll+0x1e1213]
V  [jvm.dll+0x249022]
V  [jvm.dll+0x2484af]
V  [jvm.dll+0x1c89ee]
V  [jvm.dll+0x257d4d]
V  [jvm.dll+0x2562ea]
V  [jvm.dll+0x3f2d16]
V  [jvm.dll+0x857e6b]
V  [jvm.dll+0x6d0b0d]
C  [ucrtbase.dll+0x37b0]
C  [KERNEL32.DLL+0x2e8d7]
C  [ntdll.dll+0x3c34c]


---------------  P R O C E S S  ---------------

Threads class SMR info:
_java_thread_list=0x0000019085dde5e0, length=75, elements={
0x00000190a159b2c0, 0x00000190a153e650, 0x00000190a1637530, 0x00000190a16410c0,
0x00000190a1643da0, 0x00000190a1646bb0, 0x00000190a16489b0, 0x00000190fa374090,
0x00000190fa398ca0, 0x00000190fa46f030, 0x00000190fa6eb2e0, 0x00000190840af530,
0x0000019084581a00, 0x00000190843cd250, 0x00000190843ceca0, 0x00000190849fd500,
0x0000019084df9730, 0x0000019084be3cf0, 0x0000019084643e40, 0x00000190849b34d0,
0x00000190849b0d70, 0x00000190849b0050, 0x00000190849b27b0, 0x00000190849b06e0,
0x00000190849b2e40, 0x00000190849b1400, 0x00000190849b1a90, 0x00000190849b2120,
0x000001908777ae80, 0x000001908777a160, 0x0000019087778090, 0x000001908777a7f0,
0x000001908777b510, 0x0000019087779440, 0x000001908777bba0, 0x0000019087778720,
0x000001908777c230, 0x0000019087778db0, 0x000001908777cf50, 0x000001908777c8c0,
0x0000019087779ad0, 0x000001908777d5e0, 0x000001908777dc70, 0x000001908777e300,
0x000001908777f020, 0x000001908777f6b0, 0x0000019084a21420, 0x0000019084a1e630,
0x0000019084a1ecc0, 0x0000019084a20d90, 0x0000019084a1f350, 0x0000019084a1f9e0,
0x0000019084a20070, 0x0000019084a20700, 0x0000019084a21ab0, 0x000001908765e340,
0x000001908765d620, 0x000001908765e9d0, 0x0000019087660410, 0x000001908765f6f0,
0x000001908765f060, 0x000001908765cf90, 0x000001908765fd80, 0x0000019087660aa0,
0x0000019087661130, 0x000001908765dcb0, 0x00000190876617c0, 0x00000190876624e0,
0x0000019087663200, 0x0000019087663890, 0x0000019087663f20, 0x00000190876645b0,
0x0000019086d46a30, 0x0000019086d463a0, 0x0000019086d45680
}

Java Threads: ( => current thread )
  0x00000190a159b2c0 JavaThread "main"                              [_thread_blocked, id=8028, stack(0x0000006509b00000,0x0000006509c00000) (1024K)]
  0x00000190a153e650 JavaThread "Reference Handler"          daemon [_thread_blocked, id=8340, stack(0x0000006509f00000,0x000000650a000000) (1024K)]
  0x00000190a1637530 JavaThread "Finalizer"                  daemon [_thread_blocked, id=19532, stack(0x000000650a000000,0x000000650a100000) (1024K)]
  0x00000190a16410c0 JavaThread "Signal Dispatcher"          daemon [_thread_blocked, id=4868, stack(0x000000650a100000,0x000000650a200000) (1024K)]
  0x00000190a1643da0 JavaThread "Attach Listener"            daemon [_thread_blocked, id=20372, stack(0x000000650a200000,0x000000650a300000) (1024K)]
  0x00000190a1646bb0 JavaThread "Service Thread"             daemon [_thread_blocked, id=22328, stack(0x000000650a300000,0x000000650a400000) (1024K)]
  0x00000190a16489b0 JavaThread "Monitor Deflation Thread"   daemon [_thread_blocked, id=6232, stack(0x000000650a400000,0x000000650a500000) (1024K)]
=>0x00000190fa374090 JavaThread "C2 CompilerThread0"         daemon [_thread_in_native, id=7800, stack(0x000000650a500000,0x000000650a600000) (1024K)]
  0x00000190fa398ca0 JavaThread "C1 CompilerThread0"         daemon [_thread_blocked, id=12468, stack(0x000000650a600000,0x000000650a700000) (1024K)]
  0x00000190fa46f030 JavaThread "Common-Cleaner"             daemon [_thread_blocked, id=10436, stack(0x000000650a700000,0x000000650a800000) (1024K)]
  0x00000190fa6eb2e0 JavaThread "Notification Thread"        daemon [_thread_blocked, id=22236, stack(0x000000650a800000,0x000000650a900000) (1024K)]
  0x00000190840af530 JavaThread "Active Thread: Equinox Container: 30998c30-6c47-4384-945b-ee319c1c831d"        [_thread_in_native, id=20800, stack(0x000000650af00000,0x000000650b000000) (1024K)]
  0x0000019084581a00 JavaThread "Refresh Thread: Equinox Container: 30998c30-6c47-4384-945b-ee319c1c831d" daemon [_thread_blocked, id=2272, stack(0x000000650b000000,0x000000650b100000) (1024K)]
  0x00000190843cd250 JavaThread "Framework Event Dispatcher: Equinox Container: 30998c30-6c47-4384-945b-ee319c1c831d" daemon [_thread_blocked, id=14732, stack(0x000000650b200000,0x000000650b300000) (1024K)]
  0x00000190843ceca0 JavaThread "Start Level: Equinox Container: 30998c30-6c47-4384-945b-ee319c1c831d" daemon [_thread_blocked, id=1704, stack(0x000000650b300000,0x000000650b400000) (1024K)]
  0x00000190849fd500 JavaThread "Bundle File Closer"         daemon [_thread_blocked, id=10520, stack(0x000000650b600000,0x000000650b700000) (1024K)]
  0x0000019084df9730 JavaThread "SCR Component Actor"        daemon [_thread_blocked, id=9964, stack(0x000000650b700000,0x000000650b800000) (1024K)]
  0x0000019084be3cf0 JavaThread "Worker-JM"                         [_thread_blocked, id=22232, stack(0x000000650b800000,0x000000650b900000) (1024K)]
  0x0000019084643e40 JavaThread "JNA Cleaner"                daemon [_thread_blocked, id=2704, stack(0x000000650b900000,0x000000650ba00000) (1024K)]
  0x00000190849b34d0 JavaThread "Worker-0"                          [_thread_blocked, id=19908, stack(0x000000650ba00000,0x000000650bb00000) (1024K)]
  0x00000190849b0d70 JavaThread "Worker-1"                          [_thread_blocked, id=18612, stack(0x000000650bb00000,0x000000650bc00000) (1024K)]
  0x00000190849b0050 JavaThread "Worker-2"                          [_thread_blocked, id=8072, stack(0x000000650bc00000,0x000000650bd00000) (1024K)]
  0x00000190849b27b0 JavaThread "Worker-3"                          [_thread_blocked, id=13868, stack(0x000000650bd00000,0x000000650be00000) (1024K)]
  0x00000190849b06e0 JavaThread "Java indexing"              daemon [_thread_blocked, id=7484, stack(0x000000650be00000,0x000000650bf00000) (1024K)]
  0x00000190849b2e40 JavaThread "Worker-4"                          [_thread_blocked, id=1436, stack(0x000000650bf00000,0x000000650c000000) (1024K)]
  0x00000190849b1400 JavaThread "Worker-5"                          [_thread_blocked, id=17292, stack(0x000000650c200000,0x000000650c300000) (1024K)]
  0x00000190849b1a90 JavaThread "Worker-6"                          [_thread_blocked, id=21880, stack(0x000000650c300000,0x000000650c400000) (1024K)]
  0x00000190849b2120 JavaThread "Worker-7: Java indexing... "        [_thread_blocked, id=14936, stack(0x000000650c400000,0x000000650c500000) (1024K)]
  0x000001908777ae80 JavaThread "Thread-1"                   daemon [_thread_in_native, id=17976, stack(0x000000650c500000,0x000000650c600000) (1024K)]
  0x000001908777a160 JavaThread "Thread-2"                   daemon [_thread_in_native, id=20236, stack(0x000000650c600000,0x000000650c700000) (1024K)]
  0x0000019087778090 JavaThread "Thread-3"                   daemon [_thread_in_native, id=10428, stack(0x000000650c700000,0x000000650c800000) (1024K)]
  0x000001908777a7f0 JavaThread "Thread-4"                   daemon [_thread_in_native, id=19352, stack(0x000000650c800000,0x000000650c900000) (1024K)]
  0x000001908777b510 JavaThread "Thread-5"                   daemon [_thread_in_native, id=12364, stack(0x000000650c900000,0x000000650ca00000) (1024K)]
  0x0000019087779440 JavaThread "Thread-6"                   daemon [_thread_in_native, id=15844, stack(0x000000650ca00000,0x000000650cb00000) (1024K)]
  0x000001908777bba0 JavaThread "Thread-7"                   daemon [_thread_in_native, id=12776, stack(0x000000650cb00000,0x000000650cc00000) (1024K)]
  0x0000019087778720 JavaThread "Thread-8"                   daemon [_thread_in_native, id=14080, stack(0x000000650cc00000,0x000000650cd00000) (1024K)]
  0x000001908777c230 JavaThread "Thread-9"                   daemon [_thread_in_native, id=13396, stack(0x000000650cd00000,0x000000650ce00000) (1024K)]
  0x0000019087778db0 JavaThread "Thread-10"                  daemon [_thread_in_native, id=3500, stack(0x000000650ce00000,0x000000650cf00000) (1024K)]
  0x000001908777cf50 JavaThread "Thread-11"                  daemon [_thread_in_native, id=21272, stack(0x000000650cf00000,0x000000650d000000) (1024K)]
  0x000001908777c8c0 JavaThread "Thread-12"                  daemon [_thread_in_native, id=9180, stack(0x000000650d000000,0x000000650d100000) (1024K)]
  0x0000019087779ad0 JavaThread "Thread-13"                  daemon [_thread_in_native, id=9744, stack(0x000000650d100000,0x000000650d200000) (1024K)]
  0x000001908777d5e0 JavaThread "pool-2-thread-1"                   [_thread_blocked, id=15520, stack(0x000000650d200000,0x000000650d300000) (1024K)]
  0x000001908777dc70 JavaThread "WorkspaceEventsHandler"            [_thread_blocked, id=21136, stack(0x000000650d300000,0x000000650d400000) (1024K)]
  0x000001908777e300 JavaThread "pool-1-thread-1"                   [_thread_blocked, id=14864, stack(0x000000650d400000,0x000000650d500000) (1024K)]
  0x000001908777f020 JavaThread "Worker-8: Building"                [_thread_blocked, id=20588, stack(0x000000650d500000,0x000000650d600000) (1024K)]
  0x000001908777f6b0 JavaThread "LocalFile Deleter"          daemon [_thread_blocked, id=20380, stack(0x000000650d600000,0x000000650d700000) (1024K)]
  0x0000019084a21420 JavaThread "LocalFile Deleter"          daemon [_thread_blocked, id=10604, stack(0x000000650d700000,0x000000650d800000) (1024K)]
  0x0000019084a1e630 JavaThread "LocalFile Deleter"          daemon [_thread_blocked, id=3844, stack(0x000000650d800000,0x000000650d900000) (1024K)]
  0x0000019084a1ecc0 JavaThread "LocalFile Deleter"          daemon [_thread_blocked, id=9732, stack(0x000000650d900000,0x000000650da00000) (1024K)]
  0x0000019084a20d90 JavaThread "LocalFile Deleter"          daemon [_thread_blocked, id=17236, stack(0x000000650da00000,0x000000650db00000) (1024K)]
  0x0000019084a1f350 JavaThread "LocalFile Deleter"          daemon [_thread_blocked, id=14860, stack(0x000000650db00000,0x000000650dc00000) (1024K)]
  0x0000019084a1f9e0 JavaThread "LocalFile Deleter"          daemon [_thread_blocked, id=22460, stack(0x000000650dc00000,0x000000650dd00000) (1024K)]
  0x0000019084a20070 JavaThread "LocalFile Deleter"          daemon [_thread_blocked, id=22480, stack(0x000000650dd00000,0x000000650de00000) (1024K)]
  0x0000019084a20700 JavaThread "LocalFile Deleter"          daemon [_thread_blocked, id=7648, stack(0x000000650de00000,0x000000650df00000) (1024K)]
  0x0000019084a21ab0 JavaThread "LocalFile Deleter"          daemon [_thread_blocked, id=17876, stack(0x000000650df00000,0x000000650e000000) (1024K)]
  0x000001908765e340 JavaThread "LocalFile Deleter"          daemon [_thread_blocked, id=15708, stack(0x000000650e000000,0x000000650e100000) (1024K)]
  0x000001908765d620 JavaThread "LocalFile Deleter"          daemon [_thread_blocked, id=3352, stack(0x000000650e100000,0x000000650e200000) (1024K)]
  0x000001908765e9d0 JavaThread "Compiler Source File Reader" daemon [_thread_blocked, id=15736, stack(0x000000650e200000,0x000000650e300000) (1024K)]
  0x0000019087660410 JavaThread "Compiler Source File Reader" daemon [_thread_blocked, id=14240, stack(0x000000650e300000,0x000000650e400000) (1024K)]
  0x000001908765f6f0 JavaThread "Compiler Source File Reader" daemon [_thread_blocked, id=3300, stack(0x000000650e400000,0x000000650e500000) (1024K)]
  0x000001908765f060 JavaThread "Compiler Source File Reader" daemon [_thread_blocked, id=22120, stack(0x000000650e500000,0x000000650e600000) (1024K)]
  0x000001908765cf90 JavaThread "Compiler Source File Reader" daemon [_thread_blocked, id=5324, stack(0x000000650e600000,0x000000650e700000) (1024K)]
  0x000001908765fd80 JavaThread "Compiler Source File Reader" daemon [_thread_blocked, id=20832, stack(0x000000650e700000,0x000000650e800000) (1024K)]
  0x0000019087660aa0 JavaThread "Compiler Source File Reader" daemon [_thread_blocked, id=192, stack(0x000000650e800000,0x000000650e900000) (1024K)]
  0x0000019087661130 JavaThread "Compiler Source File Reader" daemon [_thread_blocked, id=4536, stack(0x000000650e900000,0x000000650ea00000) (1024K)]
  0x000001908765dcb0 JavaThread "Compiler Source File Reader" daemon [_thread_blocked, id=8136, stack(0x000000650ea00000,0x000000650eb00000) (1024K)]
  0x00000190876617c0 JavaThread "Compiler Source File Reader" daemon [_thread_blocked, id=13804, stack(0x000000650eb00000,0x000000650ec00000) (1024K)]
  0x00000190876624e0 JavaThread "Compiler Processing Task"   daemon [_thread_blocked, id=14332, stack(0x0000006509900000,0x0000006509a00000) (1024K)]
  0x0000019087663200 JavaThread "Compiler Class File Writer" daemon [_thread_blocked, id=19604, stack(0x0000006509a00000,0x0000006509b00000) (1024K)]
  0x0000019087663890 JavaThread "Compiler Class File Writer" daemon [_thread_blocked, id=1736, stack(0x000000650ec00000,0x000000650ed00000) (1024K)]
  0x0000019087663f20 JavaThread "Compiler Class File Writer" daemon [_thread_blocked, id=9988, stack(0x000000650ed00000,0x000000650ee00000) (1024K)]
  0x00000190876645b0 JavaThread "Compiler Class File Writer" daemon [_thread_blocked, id=18012, stack(0x000000650ee00000,0x000000650ef00000) (1024K)]
  0x0000019086d46a30 JavaThread "Compiler Class File Writer" daemon [_thread_blocked, id=22340, stack(0x000000650ef00000,0x000000650f000000) (1024K)]
  0x0000019086d463a0 JavaThread "Compiler Class File Writer" daemon [_thread_blocked, id=19476, stack(0x000000650f000000,0x000000650f100000) (1024K)]
  0x0000019086d45680 JavaThread "Compiler Class File Writer" daemon [_thread_in_native, id=5560, stack(0x000000650f100000,0x000000650f200000) (1024K)]
Total: 75

Other Threads:
  0x00000190a1634b20 VMThread "VM Thread"                           [id=21832, stack(0x0000006509e00000,0x0000006509f00000) (1024K)]
  0x00000190a141c8d0 WatcherThread "VM Periodic Task Thread"        [id=9716, stack(0x0000006509d00000,0x0000006509e00000) (1024K)]
  0x00000190a15b3640 WorkerThread "GC Thread#0"                     [id=21996, stack(0x0000006509c00000,0x0000006509d00000) (1024K)]
  0x00000190fa41c6d0 WorkerThread "GC Thread#1"                     [id=3528, stack(0x000000650a900000,0x000000650aa00000) (1024K)]
  0x00000190841609e0 WorkerThread "GC Thread#2"                     [id=7304, stack(0x000000650aa00000,0x000000650ab00000) (1024K)]
  0x0000019084160d80 WorkerThread "GC Thread#3"                     [id=12684, stack(0x000000650ab00000,0x000000650ac00000) (1024K)]
  0x000001908469d010 WorkerThread "GC Thread#4"                     [id=11504, stack(0x000000650ac00000,0x000000650ad00000) (1024K)]
  0x000001908469d3b0 WorkerThread "GC Thread#5"                     [id=2656, stack(0x000000650ad00000,0x000000650ae00000) (1024K)]
  0x0000019084165ab0 WorkerThread "GC Thread#6"                     [id=10312, stack(0x000000650ae00000,0x000000650af00000) (1024K)]
  0x0000019084582060 WorkerThread "GC Thread#7"                     [id=16972, stack(0x000000650b100000,0x000000650b200000) (1024K)]
  0x00000190843dab90 WorkerThread "GC Thread#8"                     [id=21960, stack(0x000000650b400000,0x000000650b500000) (1024K)]
  0x00000190843d9230 WorkerThread "GC Thread#9"                     [id=10360, stack(0x000000650b500000,0x000000650b600000) (1024K)]
Total: 12

Threads with active compile tasks:
C2 CompilerThread0  64838 9205   !   4       org.eclipse.jdt.internal.core.search.indexing.BinaryIndexer::indexDocument (1172 bytes)
Total: 1

VM state: at safepoint (normal execution)

VM Mutex/Monitor currently owned by a thread:  ([mutex/lock_event])
[0x00007ff816ab5458] Threads_lock - owner thread: 0x00000190a1634b20
[0x00007ff816ab5558] Heap_lock - owner thread: 0x00000190849b06e0
[0x00007ff816ab59d8] PSOldGenExpand_lock - owner thread: 0x0000019084165ab0

Heap address: 0x0000000080000000, size: 2048 MB, Compressed Oops mode: 32-bit

CDS archive(s) mapped at: [0x00000190b8000000-0x00000190b8ba0000-0x00000190b8ba0000), size 12189696, SharedBaseAddress: 0x00000190b8000000, ArchiveRelocationMode: 1.
Compressed class space mapped at: 0x00000190b9000000-0x00000190f9000000, reserved size: 1073741824
Narrow klass base: 0x00000190b8000000, Narrow klass shift: 0, Narrow klass range: 0x100000000

GC Precious Log:
 CardTable entry size: 512
 CPUs: 12 total, 12 available
 Memory: 3405M
 Large Page Support: Disabled
 NUMA Support: Disabled
 Compressed Oops: Enabled (32-bit)
 Alignments: Space 512K, Generation 512K, Heap 2M
 Heap Min Capacity: 100M
 Heap Initial Capacity: 100M
 Heap Max Capacity: 2G
 Pre-touch: Disabled
 Parallel Workers: 10

Heap:
 PSYoungGen      total 4096K, used 3889K [0x00000000d5580000, 0x00000000d5a80000, 0x0000000100000000)
  eden space 3072K, 100% used [0x00000000d5580000,0x00000000d5880000,0x00000000d5880000)
  from space 1024K, 79% used [0x00000000d5980000,0x00000000d5a4c550,0x00000000d5a80000)
  to   space 1024K, 65% used [0x00000000d5880000,0x00000000d5927128,0x00000000d5980000)
 ParOldGen       total 235520K, used 235513K [0x0000000080000000, 0x000000008e600000, 0x00000000d5580000)
  object space 235520K, 99% used [0x0000000080000000,0x000000008e5fe5b8,0x000000008e600000)
 Metaspace       used 56515K, committed 57920K, reserved 1114112K
  class space    used 6016K, committed 6656K, reserved 1048576K

Card table byte_map: [0x00000190a0f30000,0x00000190a1340000] _byte_map_base: 0x00000190a0b30000

Marking Bits: (ParMarkBitMap*) 0x00007ff816aba340
 Begin Bits: [0x00000190b3a30000, 0x00000190b5a30000)
 End Bits:   [0x00000190b5a30000, 0x00000190b7a30000)

Polling page: 0x000001909f1e0000

Metaspace:

Usage:
  Non-class:     49.32 MB used.
      Class:      5.88 MB used.
       Both:     55.19 MB used.

Virtual space:
  Non-class space:       64.00 MB reserved,      50.06 MB ( 78%) committed,  1 nodes.
      Class space:        1.00 GB reserved,       6.50 MB ( <1%) committed,  1 nodes.
             Both:        1.06 GB reserved,      56.56 MB (  5%) committed. 

Chunk freelists:
   Non-Class:  13.55 MB
       Class:  9.49 MB
        Both:  23.03 MB

MaxMetaspaceSize: unlimited
CompressedClassSpaceSize: 1.00 GB
Initial GC threshold: 21.00 MB
Current GC threshold: 58.38 MB
CDS: on
 - commit_granule_bytes: 65536.
 - commit_granule_words: 8192.
 - virtual_space_node_default_size: 8388608.
 - enlarge_chunks_in_place: 1.
 - use_allocation_guard: 0.


Internal statistics:

num_allocs_failed_limit: 6.
num_arena_births: 1122.
num_arena_deaths: 14.
num_vsnodes_births: 2.
num_vsnodes_deaths: 0.
num_space_committed: 905.
num_space_uncommitted: 0.
num_chunks_returned_to_freelist: 20.
num_chunks_taken_from_freelist: 3814.
num_chunk_merges: 4.
num_chunk_splits: 2299.
num_chunks_enlarged: 1227.
num_inconsistent_stats: 0.

CodeHeap 'non-profiled nmethods': size=120000Kb used=3869Kb max_used=3869Kb free=116130Kb
 bounds [0x00000190ac250000, 0x00000190ac620000, 0x00000190b3780000]
CodeHeap 'profiled nmethods': size=120000Kb used=18321Kb max_used=18321Kb free=101678Kb
 bounds [0x00000190a4780000, 0x00000190a5970000, 0x00000190abcb0000]
CodeHeap 'non-nmethods': size=5760Kb used=1414Kb max_used=1469Kb free=4345Kb
 bounds [0x00000190abcb0000, 0x00000190abf20000, 0x00000190ac250000]
CodeCache: size=245760Kb, used=23604Kb, max_used=23659Kb, free=222153Kb
 total_blobs=9269, nmethods=8544, adapters=631, full_count=0
Compilation: enabled, stopped_count=0, restarted_count=0

Compilation events (20 events):
Event: 63.758 Thread 0x00000190fa374090 nmethod 8555 0x00000190ac614a10 code [0x00000190ac614ba0, 0x00000190ac614c28]
Event: 63.758 Thread 0x00000190fa374090 7777       4       java.lang.ThreadLocal$ThreadLocalMap::nextIndex (15 bytes)
Event: 63.758 Thread 0x00000190fa374090 nmethod 7777 0x00000190ac614d10 code [0x00000190ac614e80, 0x00000190ac614ef8]
Event: 63.758 Thread 0x00000190fa374090 7557       4       org.eclipse.osgi.container.Module::getCurrentRevision (8 bytes)
Event: 63.764 Thread 0x00000190fa374090 nmethod 7557 0x00000190ac615010 code [0x00000190ac6151c0, 0x00000190ac615568]
Event: 63.764 Thread 0x00000190fa374090 7581       4       java.util.Arrays::copyOf (33 bytes)
Event: 63.765 Thread 0x00000190fa374090 nmethod 7581 0x00000190ac615810 code [0x00000190ac6159a0, 0x00000190ac615b20]
Event: 63.765 Thread 0x00000190fa374090 8054       4       java.util.zip.ZipFile$Source::getEntryNext (9 bytes)
Event: 63.766 Thread 0x00000190fa374090 nmethod 8054 0x00000190ac615c10 code [0x00000190ac615da0, 0x00000190ac615e70]
Event: 63.766 Thread 0x00000190fa374090 7519       4       org.eclipse.core.runtime.Path::hashCode (28 bytes)
Event: 63.767 Thread 0x00000190fa374090 nmethod 7519 0x00000190ac615f10 code [0x00000190ac6160a0, 0x00000190ac616170]
Event: 63.768 Thread 0x00000190fa374090 7873       4       jdk.internal.jimage.BasicImageReader::getLocationIndex (52 bytes)
Event: 63.798 Thread 0x00000190fa374090 nmethod 7873 0x00000190ac616210 code [0x00000190ac616440, 0x00000190ac616da8]
Event: 63.798 Thread 0x00000190fa374090 9205   !   4       org.eclipse.jdt.internal.core.search.indexing.BinaryIndexer::indexDocument (1172 bytes)
Event: 64.105 Thread 0x00000190fa398ca0 9212       2       org.eclipse.jdt.internal.core.search.indexing.AbstractIndexer::addModuleExportedPackages (42 bytes)
Event: 64.110 Thread 0x00000190fa398ca0 nmethod 9212 0x00000190a5963790 code [0x00000190a5963960, 0x00000190a5963c00]
Event: 64.110 Thread 0x00000190fa398ca0 9213       2       org.eclipse.jdt.internal.core.search.matching.ModulePattern::createIndexKey (2 bytes)
Event: 64.110 Thread 0x00000190fa398ca0 nmethod 9213 0x00000190a5963e90 code [0x00000190a5964020, 0x00000190a5964108]
Event: 64.120 Thread 0x00000190fa398ca0 9215       2       org.eclipse.jdt.internal.core.search.indexing.AbstractIndexer::addModuleReference (12 bytes)
Event: 64.121 Thread 0x00000190fa398ca0 nmethod 9215 0x00000190a5964190 code [0x00000190a5964340, 0x00000190a5964538]

GC Heap History (20 events):
Event: 64.360 GC heap after
{Heap after GC invocations=151 (full 2):
 PSYoungGen      total 4096K, used 842K [0x00000000d5580000, 0x00000000d5b80000, 0x0000000100000000)
  eden space 3072K, 0% used [0x00000000d5580000,0x00000000d5580000,0x00000000d5880000)
  from space 1024K, 82% used [0x00000000d5880000,0x00000000d5952a30,0x00000000d5980000)
  to   space 1536K, 0% used [0x00000000d5a00000,0x00000000d5a00000,0x00000000d5b80000)
 ParOldGen       total 228864K, used 228572K [0x0000000080000000, 0x000000008df80000, 0x00000000d5580000)
  object space 228864K, 99% used [0x0000000080000000,0x000000008df37360,0x000000008df80000)
 Metaspace       used 56515K, committed 57920K, reserved 1114112K
  class space    used 6016K, committed 6656K, reserved 1048576K
}
Event: 64.391 GC heap before
{Heap before GC invocations=152 (full 2):
 PSYoungGen      total 4096K, used 3914K [0x00000000d5580000, 0x00000000d5b80000, 0x0000000100000000)
  eden space 3072K, 100% used [0x00000000d5580000,0x00000000d5880000,0x00000000d5880000)
  from space 1024K, 82% used [0x00000000d5880000,0x00000000d5952a30,0x00000000d5980000)
  to   space 1536K, 0% used [0x00000000d5a00000,0x00000000d5a00000,0x00000000d5b80000)
 ParOldGen       total 228864K, used 228572K [0x0000000080000000, 0x000000008df80000, 0x00000000d5580000)
  object space 228864K, 99% used [0x0000000080000000,0x000000008df37360,0x000000008df80000)
 Metaspace       used 56515K, committed 57920K, reserved 1114112K
  class space    used 6016K, committed 6656K, reserved 1048576K
}
Event: 64.395 GC heap after
{Heap after GC invocations=152 (full 2):
 PSYoungGen      total 4096K, used 800K [0x00000000d5580000, 0x00000000d5b00000, 0x0000000100000000)
  eden space 3072K, 0% used [0x00000000d5580000,0x00000000d5580000,0x00000000d5880000)
  from space 1024K, 78% used [0x00000000d5a00000,0x00000000d5ac8000,0x00000000d5b00000)
  to   space 1024K, 0% used [0x00000000d5880000,0x00000000d5880000,0x00000000d5980000)
 ParOldGen       total 229376K, used 229275K [0x0000000080000000, 0x000000008e000000, 0x00000000d5580000)
  object space 229376K, 99% used [0x0000000080000000,0x000000008dfe6c48,0x000000008e000000)
 Metaspace       used 56515K, committed 57920K, reserved 1114112K
  class space    used 6016K, committed 6656K, reserved 1048576K
}
Event: 64.429 GC heap before
{Heap before GC invocations=153 (full 2):
 PSYoungGen      total 4096K, used 3872K [0x00000000d5580000, 0x00000000d5b00000, 0x0000000100000000)
  eden space 3072K, 100% used [0x00000000d5580000,0x00000000d5880000,0x00000000d5880000)
  from space 1024K, 78% used [0x00000000d5a00000,0x00000000d5ac8000,0x00000000d5b00000)
  to   space 1024K, 0% used [0x00000000d5880000,0x00000000d5880000,0x00000000d5980000)
 ParOldGen       total 229376K, used 229275K [0x0000000080000000, 0x000000008e000000, 0x00000000d5580000)
  object space 229376K, 99% used [0x0000000080000000,0x000000008dfe6c48,0x000000008e000000)
 Metaspace       used 56515K, committed 57920K, reserved 1114112K
  class space    used 6016K, committed 6656K, reserved 1048576K
}
Event: 64.433 GC heap after
{Heap after GC invocations=153 (full 2):
 PSYoungGen      total 4096K, used 824K [0x00000000d5580000, 0x00000000d5a80000, 0x0000000100000000)
  eden space 3072K, 0% used [0x00000000d5580000,0x00000000d5580000,0x00000000d5880000)
  from space 1024K, 80% used [0x00000000d5880000,0x00000000d594e3d8,0x00000000d5980000)
  to   space 1024K, 0% used [0x00000000d5980000,0x00000000d5980000,0x00000000d5a80000)
 ParOldGen       total 230400K, used 229943K [0x0000000080000000, 0x000000008e100000, 0x00000000d5580000)
  object space 230400K, 99% used [0x0000000080000000,0x000000008e08dd40,0x000000008e100000)
 Metaspace       used 56515K, committed 57920K, reserved 1114112K
  class space    used 6016K, committed 6656K, reserved 1048576K
}
Event: 64.458 GC heap before
{Heap before GC invocations=154 (full 2):
 PSYoungGen      total 4096K, used 3896K [0x00000000d5580000, 0x00000000d5a80000, 0x0000000100000000)
  eden space 3072K, 100% used [0x00000000d5580000,0x00000000d5880000,0x00000000d5880000)
  from space 1024K, 80% used [0x00000000d5880000,0x00000000d594e3d8,0x00000000d5980000)
  to   space 1024K, 0% used [0x00000000d5980000,0x00000000d5980000,0x00000000d5a80000)
 ParOldGen       total 230400K, used 229943K [0x0000000080000000, 0x000000008e100000, 0x00000000d5580000)
  object space 230400K, 99% used [0x0000000080000000,0x000000008e08dd40,0x000000008e100000)
 Metaspace       used 56515K, committed 57920K, reserved 1114112K
  class space    used 6016K, committed 6656K, reserved 1048576K
}
Event: 64.461 GC heap after
{Heap after GC invocations=154 (full 2):
 PSYoungGen      total 4096K, used 843K [0x00000000d5580000, 0x00000000d5a80000, 0x0000000100000000)
  eden space 3072K, 0% used [0x00000000d5580000,0x00000000d5580000,0x00000000d5880000)
  from space 1024K, 82% used [0x00000000d5980000,0x00000000d5a52de8,0x00000000d5a80000)
  to   space 1024K, 0% used [0x00000000d5880000,0x00000000d5880000,0x00000000d5980000)
 ParOldGen       total 230912K, used 230660K [0x0000000080000000, 0x000000008e180000, 0x00000000d5580000)
  object space 230912K, 99% used [0x0000000080000000,0x000000008e1410a8,0x000000008e180000)
 Metaspace       used 56515K, committed 57920K, reserved 1114112K
  class space    used 6016K, committed 6656K, reserved 1048576K
}
Event: 64.489 GC heap before
{Heap before GC invocations=155 (full 2):
 PSYoungGen      total 4096K, used 3915K [0x00000000d5580000, 0x00000000d5a80000, 0x0000000100000000)
  eden space 3072K, 100% used [0x00000000d5580000,0x00000000d5880000,0x00000000d5880000)
  from space 1024K, 82% used [0x00000000d5980000,0x00000000d5a52de8,0x00000000d5a80000)
  to   space 1024K, 0% used [0x00000000d5880000,0x00000000d5880000,0x00000000d5980000)
 ParOldGen       total 230912K, used 230660K [0x0000000080000000, 0x000000008e180000, 0x00000000d5580000)
  object space 230912K, 99% used [0x0000000080000000,0x000000008e1410a8,0x000000008e180000)
 Metaspace       used 56515K, committed 57920K, reserved 1114112K
  class space    used 6016K, committed 6656K, reserved 1048576K
}
Event: 64.491 GC heap after
{Heap after GC invocations=155 (full 2):
 PSYoungGen      total 4096K, used 736K [0x00000000d5580000, 0x00000000d5a80000, 0x0000000100000000)
  eden space 3072K, 0% used [0x00000000d5580000,0x00000000d5580000,0x00000000d5880000)
  from space 1024K, 71% used [0x00000000d5880000,0x00000000d5938000,0x00000000d5980000)
  to   space 1024K, 0% used [0x00000000d5980000,0x00000000d5980000,0x00000000d5a80000)
 ParOldGen       total 231424K, used 231371K [0x0000000080000000, 0x000000008e200000, 0x00000000d5580000)
  object space 231424K, 99% used [0x0000000080000000,0x000000008e1f2f88,0x000000008e200000)
 Metaspace       used 56515K, committed 57920K, reserved 1114112K
  class space    used 6016K, committed 6656K, reserved 1048576K
}
Event: 64.515 GC heap before
{Heap before GC invocations=156 (full 2):
 PSYoungGen      total 4096K, used 3808K [0x00000000d5580000, 0x00000000d5a80000, 0x0000000100000000)
  eden space 3072K, 100% used [0x00000000d5580000,0x00000000d5880000,0x00000000d5880000)
  from space 1024K, 71% used [0x00000000d5880000,0x00000000d5938000,0x00000000d5980000)
  to   space 1024K, 0% used [0x00000000d5980000,0x00000000d5980000,0x00000000d5a80000)
 ParOldGen       total 231424K, used 231371K [0x0000000080000000, 0x000000008e200000, 0x00000000d5580000)
  object space 231424K, 99% used [0x0000000080000000,0x000000008e1f2f88,0x000000008e200000)
 Metaspace       used 56515K, committed 57920K, reserved 1114112K
  class space    used 6016K, committed 6656K, reserved 1048576K
}
Event: 64.518 GC heap after
{Heap after GC invocations=156 (full 2):
 PSYoungGen      total 4096K, used 823K [0x00000000d5580000, 0x00000000d5a80000, 0x0000000100000000)
  eden space 3072K, 0% used [0x00000000d5580000,0x00000000d5580000,0x00000000d5880000)
  from space 1024K, 80% used [0x00000000d5980000,0x00000000d5a4dd28,0x00000000d5a80000)
  to   space 1024K, 0% used [0x00000000d5880000,0x00000000d5880000,0x00000000d5980000)
 ParOldGen       total 232448K, used 232009K [0x0000000080000000, 0x000000008e300000, 0x00000000d5580000)
  object space 232448K, 99% used [0x0000000080000000,0x000000008e2924b8,0x000000008e300000)
 Metaspace       used 56515K, committed 57920K, reserved 1114112K
  class space    used 6016K, committed 6656K, reserved 1048576K
}
Event: 64.547 GC heap before
{Heap before GC invocations=157 (full 2):
 PSYoungGen      total 4096K, used 3895K [0x00000000d5580000, 0x00000000d5a80000, 0x0000000100000000)
  eden space 3072K, 100% used [0x00000000d5580000,0x00000000d5880000,0x00000000d5880000)
  from space 1024K, 80% used [0x00000000d5980000,0x00000000d5a4dd28,0x00000000d5a80000)
  to   space 1024K, 0% used [0x00000000d5880000,0x00000000d5880000,0x00000000d5980000)
 ParOldGen       total 232448K, used 232009K [0x0000000080000000, 0x000000008e300000, 0x00000000d5580000)
  object space 232448K, 99% used [0x0000000080000000,0x000000008e2924b8,0x000000008e300000)
 Metaspace       used 56515K, committed 57920K, reserved 1114112K
  class space    used 6016K, committed 6656K, reserved 1048576K
}
Event: 64.549 GC heap after
{Heap after GC invocations=157 (full 2):
 PSYoungGen      total 4096K, used 920K [0x00000000d5580000, 0x00000000d5a80000, 0x0000000100000000)
  eden space 3072K, 0% used [0x00000000d5580000,0x00000000d5580000,0x00000000d5880000)
  from space 1024K, 89% used [0x00000000d5880000,0x00000000d5966008,0x00000000d5980000)
  to   space 1024K, 0% used [0x00000000d5980000,0x00000000d5980000,0x00000000d5a80000)
 ParOldGen       total 232960K, used 232929K [0x0000000080000000, 0x000000008e380000, 0x00000000d5580000)
  object space 232960K, 99% used [0x0000000080000000,0x000000008e378640,0x000000008e380000)
 Metaspace       used 56515K, committed 57920K, reserved 1114112K
  class space    used 6016K, committed 6656K, reserved 1048576K
}
Event: 64.573 GC heap before
{Heap before GC invocations=158 (full 2):
 PSYoungGen      total 4096K, used 3992K [0x00000000d5580000, 0x00000000d5a80000, 0x0000000100000000)
  eden space 3072K, 100% used [0x00000000d5580000,0x00000000d5880000,0x00000000d5880000)
  from space 1024K, 89% used [0x00000000d5880000,0x00000000d5966008,0x00000000d5980000)
  to   space 1024K, 0% used [0x00000000d5980000,0x00000000d5980000,0x00000000d5a80000)
 ParOldGen       total 232960K, used 232929K [0x0000000080000000, 0x000000008e380000, 0x00000000d5580000)
  object space 232960K, 99% used [0x0000000080000000,0x000000008e378640,0x000000008e380000)
 Metaspace       used 56515K, committed 57920K, reserved 1114112K
  class space    used 6016K, committed 6656K, reserved 1048576K
}
Event: 64.576 GC heap after
{Heap after GC invocations=158 (full 2):
 PSYoungGen      total 4096K, used 800K [0x00000000d5580000, 0x00000000d5a80000, 0x0000000100000000)
  eden space 3072K, 0% used [0x00000000d5580000,0x00000000d5580000,0x00000000d5880000)
  from space 1024K, 78% used [0x00000000d5980000,0x00000000d5a48000,0x00000000d5a80000)
  to   space 1024K, 0% used [0x00000000d5880000,0x00000000d5880000,0x00000000d5980000)
 ParOldGen       total 233984K, used 233751K [0x0000000080000000, 0x000000008e480000, 0x00000000d5580000)
  object space 233984K, 99% used [0x0000000080000000,0x000000008e445c38,0x000000008e480000)
 Metaspace       used 56515K, committed 57920K, reserved 1114112K
  class space    used 6016K, committed 6656K, reserved 1048576K
}
Event: 64.624 GC heap before
{Heap before GC invocations=159 (full 2):
 PSYoungGen      total 4096K, used 3872K [0x00000000d5580000, 0x00000000d5a80000, 0x0000000100000000)
  eden space 3072K, 100% used [0x00000000d5580000,0x00000000d5880000,0x00000000d5880000)
  from space 1024K, 78% used [0x00000000d5980000,0x00000000d5a48000,0x00000000d5a80000)
  to   space 1024K, 0% used [0x00000000d5880000,0x00000000d5880000,0x00000000d5980000)
 ParOldGen       total 233984K, used 233751K [0x0000000080000000, 0x000000008e480000, 0x00000000d5580000)
  object space 233984K, 99% used [0x0000000080000000,0x000000008e445c38,0x000000008e480000)
 Metaspace       used 56515K, committed 57920K, reserved 1114112K
  class space    used 6016K, committed 6656K, reserved 1048576K
}
Event: 64.627 GC heap after
{Heap after GC invocations=159 (full 2):
 PSYoungGen      total 4096K, used 832K [0x00000000d5580000, 0x00000000d5a80000, 0x0000000100000000)
  eden space 3072K, 0% used [0x00000000d5580000,0x00000000d5580000,0x00000000d5880000)
  from space 1024K, 81% used [0x00000000d5880000,0x00000000d5950000,0x00000000d5980000)
  to   space 1024K, 0% used [0x00000000d5980000,0x00000000d5980000,0x00000000d5a80000)
 ParOldGen       total 234496K, used 234400K [0x0000000080000000, 0x000000008e500000, 0x00000000d5580000)
  object space 234496K, 99% used [0x0000000080000000,0x000000008e4e8238,0x000000008e500000)
 Metaspace       used 56515K, committed 57920K, reserved 1114112K
  class space    used 6016K, committed 6656K, reserved 1048576K
}
Event: 64.648 GC heap before
{Heap before GC invocations=160 (full 2):
 PSYoungGen      total 4096K, used 3904K [0x00000000d5580000, 0x00000000d5a80000, 0x0000000100000000)
  eden space 3072K, 100% used [0x00000000d5580000,0x00000000d5880000,0x00000000d5880000)
  from space 1024K, 81% used [0x00000000d5880000,0x00000000d5950000,0x00000000d5980000)
  to   space 1024K, 0% used [0x00000000d5980000,0x00000000d5980000,0x00000000d5a80000)
 ParOldGen       total 234496K, used 234400K [0x0000000080000000, 0x000000008e500000, 0x00000000d5580000)
  object space 234496K, 99% used [0x0000000080000000,0x000000008e4e8238,0x000000008e500000)
 Metaspace       used 56515K, committed 57920K, reserved 1114112K
  class space    used 6016K, committed 6656K, reserved 1048576K
}
Event: 64.651 GC heap after
{Heap after GC invocations=160 (full 2):
 PSYoungGen      total 4096K, used 817K [0x00000000d5580000, 0x00000000d5a80000, 0x0000000100000000)
  eden space 3072K, 0% used [0x00000000d5580000,0x00000000d5580000,0x00000000d5880000)
  from space 1024K, 79% used [0x00000000d5980000,0x00000000d5a4c550,0x00000000d5a80000)
  to   space 1024K, 0% used [0x00000000d5880000,0x00000000d5880000,0x00000000d5980000)
 ParOldGen       total 235520K, used 235041K [0x0000000080000000, 0x000000008e600000, 0x00000000d5580000)
  object space 235520K, 99% used [0x0000000080000000,0x000000008e5886d0,0x000000008e600000)
 Metaspace       used 56515K, committed 57920K, reserved 1114112K
  class space    used 6016K, committed 6656K, reserved 1048576K
}
Event: 64.674 GC heap before
{Heap before GC invocations=161 (full 2):
 PSYoungGen      total 4096K, used 3889K [0x00000000d5580000, 0x00000000d5a80000, 0x0000000100000000)
  eden space 3072K, 100% used [0x00000000d5580000,0x00000000d5880000,0x00000000d5880000)
  from space 1024K, 79% used [0x00000000d5980000,0x00000000d5a4c550,0x00000000d5a80000)
  to   space 1024K, 0% used [0x00000000d5880000,0x00000000d5880000,0x00000000d5980000)
 ParOldGen       total 235520K, used 235041K [0x0000000080000000, 0x000000008e600000, 0x00000000d5580000)
  object space 235520K, 99% used [0x0000000080000000,0x000000008e5886d0,0x000000008e600000)
 Metaspace       used 56515K, committed 57920K, reserved 1114112K
  class space    used 6016K, committed 6656K, reserved 1048576K
}

Dll operation events (10 events):
Event: 0.038 Loaded shared library c:\Users\HP\.vscode\extensions\redhat.java-1.47.0-win32-x64\jre\21.0.8-win32-x86_64\bin\java.dll
Event: 0.177 Loaded shared library c:\Users\HP\.vscode\extensions\redhat.java-1.47.0-win32-x64\jre\21.0.8-win32-x86_64\bin\zip.dll
Event: 0.219 Loaded shared library C:\Users\HP\.vscode\extensions\redhat.java-1.47.0-win32-x64\jre\21.0.8-win32-x86_64\bin\instrument.dll
Event: 0.230 Loaded shared library C:\Users\HP\.vscode\extensions\redhat.java-1.47.0-win32-x64\jre\21.0.8-win32-x86_64\bin\net.dll
Event: 0.235 Loaded shared library C:\Users\HP\.vscode\extensions\redhat.java-1.47.0-win32-x64\jre\21.0.8-win32-x86_64\bin\nio.dll
Event: 0.247 Loaded shared library C:\Users\HP\.vscode\extensions\redhat.java-1.47.0-win32-x64\jre\21.0.8-win32-x86_64\bin\zip.dll
Event: 0.279 Loaded shared library C:\Users\HP\.vscode\extensions\redhat.java-1.47.0-win32-x64\jre\21.0.8-win32-x86_64\bin\jimage.dll
Event: 0.439 Loaded shared library c:\Users\HP\.vscode\extensions\redhat.java-1.47.0-win32-x64\jre\21.0.8-win32-x86_64\bin\verify.dll
Event: 31.050 Loaded shared library C:\Users\HP\AppData\Roaming\Code\User\globalStorage\redhat.java\1.47.0\config_win\org.eclipse.equinox.launcher\org.eclipse.equinox.launcher.win32.win32.x86_64_1.2.1400.v20250801-0854\eclipse_11916.dll
Event: 38.541 Loaded shared library C:\Users\HP\AppData\Local\Temp\jna-2312\jna9926565937676091786.dll

Deoptimization events (20 events):
Event: 61.459 Thread 0x00000190849b06e0 DEOPT PACKING pc=0x00000190a5629aa2 sp=0x000000650befe850
Event: 61.459 Thread 0x00000190849b06e0 DEOPT UNPACKING pc=0x00000190abd04242 sp=0x000000650befddc8 mode 0
Event: 61.472 Thread 0x00000190849b06e0 DEOPT PACKING pc=0x00000190a5629aa2 sp=0x000000650befe850
Event: 61.472 Thread 0x00000190849b06e0 DEOPT UNPACKING pc=0x00000190abd04242 sp=0x000000650befddc8 mode 0
Event: 61.495 Thread 0x00000190849b06e0 DEOPT PACKING pc=0x00000190a5629aa2 sp=0x000000650befe850
Event: 61.495 Thread 0x00000190849b06e0 DEOPT UNPACKING pc=0x00000190abd04242 sp=0x000000650befddc8 mode 0
Event: 61.643 Thread 0x00000190876624e0 DEOPT PACKING pc=0x00000190a58ebddf sp=0x00000065099fe940
Event: 61.643 Thread 0x00000190876624e0 DEOPT UNPACKING pc=0x00000190abd04242 sp=0x00000065099fde58 mode 0
Event: 61.690 Thread 0x00000190849b06e0 Uncommon trap: trap_request=0xffffff6e fr.pc=0x00000190ac5ce7b8 relative=0x00000000000006f8
Event: 61.690 Thread 0x00000190849b06e0 Uncommon trap: reason=loop_limit_check action=maybe_recompile pc=0x00000190ac5ce7b8 method=org.eclipse.jdt.internal.compiler.util.HashtableOfObject.rehash()V @ 56 c2
Event: 61.691 Thread 0x00000190849b06e0 DEOPT PACKING pc=0x00000190ac5ce7b8 sp=0x000000650befe6d0
Event: 61.691 Thread 0x00000190849b06e0 DEOPT UNPACKING pc=0x00000190abd03aa2 sp=0x000000650befe678 mode 2
Event: 63.292 Thread 0x00000190849b06e0 Uncommon trap: trap_request=0xffffff45 fr.pc=0x00000190ac5e8a2c relative=0x000000000000104c
Event: 63.292 Thread 0x00000190849b06e0 Uncommon trap: reason=unstable_if action=reinterpret pc=0x00000190ac5e8a2c method=org.eclipse.jdt.internal.compiler.classfmt.FieldInfo.createField([B[IIJ)Lorg/eclipse/jdt/internal/compiler/classfmt/FieldInfo; @ 167 c2
Event: 63.293 Thread 0x00000190849b06e0 DEOPT PACKING pc=0x00000190ac5e8a2c sp=0x000000650befe880
Event: 63.293 Thread 0x00000190849b06e0 DEOPT UNPACKING pc=0x00000190abd03aa2 sp=0x000000650befe808 mode 2
Event: 63.755 Thread 0x00000190849b06e0 Uncommon trap: trap_request=0xffffff5c fr.pc=0x00000190ac5f9ab4 relative=0x0000000000008254
Event: 63.755 Thread 0x00000190849b06e0 Uncommon trap: reason=speculate_null_check action=make_not_entrant pc=0x00000190ac5f9ab4 method=org.eclipse.jdt.internal.core.search.indexing.BinaryIndexer.indexDocument()V @ 546 c2
Event: 63.755 Thread 0x00000190849b06e0 DEOPT PACKING pc=0x00000190ac5f9ab4 sp=0x000000650befebb0
Event: 63.755 Thread 0x00000190849b06e0 DEOPT UNPACKING pc=0x00000190abd03aa2 sp=0x000000650befeb10 mode 2

Classes loaded (20 events):
Event: 61.047 Loading class sun/util/cldr/CLDRBaseLocaleDataMetaInfo$TZCanonicalIDMapHolder
Event: 61.076 Loading class java/util/stream/ReferencePipeline$4
Event: 61.079 Loading class sun/util/cldr/CLDRBaseLocaleDataMetaInfo$TZCanonicalIDMapHolder done
Event: 61.080 Loading class java/util/stream/ReferencePipeline$4 done
Event: 61.086 Loading class java/util/stream/Nodes$IntFixedNodeBuilder
Event: 61.087 Loading class java/util/stream/Node$Builder$OfInt
Event: 61.089 Loading class java/util/concurrent/ConcurrentHashMap$KeySpliterator
Event: 61.090 Loading class java/util/stream/Node$Builder$OfInt done
Event: 61.090 Loading class java/util/stream/Nodes$IntArrayNode
Event: 61.090 Loading class java/util/concurrent/ConcurrentHashMap$KeySpliterator done
Event: 61.091 Loading class java/util/stream/Nodes$IntArrayNode done
Event: 61.091 Loading class java/util/stream/Nodes$IntFixedNodeBuilder done
Event: 61.092 Loading class java/util/stream/ReferencePipeline$4$1
Event: 61.092 Loading class java/util/stream/ReferencePipeline$4$1 done
Event: 61.117 Loading class sun/util/resources/TimeZoneNames
Event: 61.125 Loading class sun/util/resources/TimeZoneNames done
Event: 61.126 Loading class sun/util/resources/TimeZoneNames_en
Event: 61.127 Loading class sun/util/resources/TimeZoneNames_en done
Event: 61.145 Loading class sun/nio/ch/ChannelOutputStream
Event: 61.147 Loading class sun/nio/ch/ChannelOutputStream done

Classes unloaded (7 events):
Event: 40.623 Thread 0x00000190a1634b20 Unloading class 0x00000190b91ae800 'java/lang/invoke/LambdaForm$MH+0x00000190b91ae800'
Event: 40.623 Thread 0x00000190a1634b20 Unloading class 0x00000190b91ae400 'java/lang/invoke/LambdaForm$MH+0x00000190b91ae400'
Event: 40.623 Thread 0x00000190a1634b20 Unloading class 0x00000190b91ae000 'java/lang/invoke/LambdaForm$MH+0x00000190b91ae000'
Event: 40.623 Thread 0x00000190a1634b20 Unloading class 0x00000190b91adc00 'java/lang/invoke/LambdaForm$MH+0x00000190b91adc00'
Event: 40.623 Thread 0x00000190a1634b20 Unloading class 0x00000190b91ad800 'java/lang/invoke/LambdaForm$BMH+0x00000190b91ad800'
Event: 40.623 Thread 0x00000190a1634b20 Unloading class 0x00000190b91ad400 'java/lang/invoke/LambdaForm$DMH+0x00000190b91ad400'
Event: 40.623 Thread 0x00000190a1634b20 Unloading class 0x00000190b91ac000 'java/lang/invoke/LambdaForm$DMH+0x00000190b91ac000'

Classes redefined (0 events):
No events

Internal exceptions (20 events):
Event: 61.748 Thread 0x00000190876624e0 Exception <a 'java/lang/NullPointerException'{0x00000000d5847790}> (0x00000000d5847790) 
thrown [s\src\hotspot\share\interpreter\linkResolver.cpp, line 1372]
Event: 61.749 Thread 0x00000190876624e0 Exception <a 'java/lang/NullPointerException'{0x00000000d5848340}> (0x00000000d5848340) 
thrown [s\src\hotspot\share\interpreter\linkResolver.cpp, line 1372]
Event: 61.749 Thread 0x00000190876624e0 Exception <a 'java/lang/NullPointerException'{0x00000000d58491c8}> (0x00000000d58491c8) 
thrown [s\src\hotspot\share\interpreter\linkResolver.cpp, line 1372]
Event: 61.749 Thread 0x00000190876624e0 Exception <a 'java/lang/NullPointerException'{0x00000000d58d9120}> (0x00000000d58d9120) 
thrown [s\src\hotspot\share\interpreter\linkResolver.cpp, line 1372]
Event: 61.749 Thread 0x00000190876624e0 Exception <a 'java/lang/NullPointerException'{0x00000000d58d9588}> (0x00000000d58d9588) 
thrown [s\src\hotspot\share\interpreter\linkResolver.cpp, line 1372]
Event: 61.750 Thread 0x00000190876624e0 Exception <a 'java/lang/NullPointerException'{0x00000000d58dae10}> (0x00000000d58dae10) 
thrown [s\src\hotspot\share\interpreter\linkResolver.cpp, line 1372]
Event: 61.750 Thread 0x00000190876624e0 Exception <a 'java/lang/NullPointerException'{0x00000000d58db1f8}> (0x00000000d58db1f8) 
thrown [s\src\hotspot\share\interpreter\linkResolver.cpp, line 1372]
Event: 61.750 Thread 0x00000190876624e0 Exception <a 'java/lang/NullPointerException'{0x00000000d58db5e0}> (0x00000000d58db5e0) 
thrown [s\src\hotspot\share\interpreter\linkResolver.cpp, line 1372]
Event: 61.750 Thread 0x00000190876624e0 Exception <a 'java/lang/NullPointerException'{0x00000000d58db9c0}> (0x00000000d58db9c0) 
thrown [s\src\hotspot\share\interpreter\linkResolver.cpp, line 1372]
Event: 61.750 Thread 0x00000190876624e0 Exception <a 'java/lang/NullPointerException'{0x00000000d58dbe20}> (0x00000000d58dbe20) 
thrown [s\src\hotspot\share\interpreter\linkResolver.cpp, line 1372]
Event: 61.750 Thread 0x00000190876624e0 Exception <a 'java/lang/NullPointerException'{0x00000000d58dc280}> (0x00000000d58dc280) 
thrown [s\src\hotspot\share\interpreter\linkResolver.cpp, line 1372]
Event: 61.755 Thread 0x00000190876624e0 Exception <a 'java/lang/NullPointerException'{0x00000000d59822a0}> (0x00000000d59822a0) 
thrown [s\src\hotspot\share\interpreter\linkResolver.cpp, line 1372]
Event: 61.756 Thread 0x00000190876624e0 Exception <a 'java/lang/NullPointerException'{0x00000000d5985218}> (0x00000000d5985218) 
thrown [s\src\hotspot\share\interpreter\linkResolver.cpp, line 1372]
Event: 61.756 Thread 0x00000190876624e0 Exception <a 'java/lang/NullPointerException'{0x00000000d59c6f20}> (0x00000000d59c6f20) 
thrown [s\src\hotspot\share\interpreter\linkResolver.cpp, line 1372]
Event: 61.756 Thread 0x00000190876624e0 Exception <a 'java/lang/NullPointerException'{0x00000000d59c7308}> (0x00000000d59c7308) 
thrown [s\src\hotspot\share\interpreter\linkResolver.cpp, line 1372]
Event: 61.756 Thread 0x00000190876624e0 Exception <a 'java/lang/NullPointerException'{0x00000000d59c7768}> (0x00000000d59c7768) 
thrown [s\src\hotspot\share\interpreter\linkResolver.cpp, line 1372]
Event: 61.756 Thread 0x00000190876624e0 Exception <a 'java/lang/NullPointerException'{0x00000000d59c7bc8}> (0x00000000d59c7bc8) 
thrown [s\src\hotspot\share\interpreter\linkResolver.cpp, line 1372]
Event: 61.756 Thread 0x00000190876624e0 Exception <a 'java/lang/NullPointerException'{0x00000000d59c8898}> (0x00000000d59c8898) 
thrown [s\src\hotspot\share\interpreter\linkResolver.cpp, line 1372]
Event: 61.850 Thread 0x00000190876624e0 Exception <a 'java/lang/NullPointerException'{0x00000000d58e94a8}> (0x00000000d58e94a8) 
thrown [s\src\hotspot\share\interpreter\linkResolver.cpp, line 1372]
Event: 63.755 Thread 0x00000190849b06e0 Implicit null exception at 0x00000190ac5f482b to 0x00000190ac5f9a9c

ZGC Phase Switch (0 events):
No events

VM Operations (20 events):
Event: 64.360 Executing VM operation: ParallelGCFailedAllocation (Allocation Failure) done
Event: 64.391 Executing VM operation: ParallelGCFailedAllocation (Allocation Failure)
Event: 64.395 Executing VM operation: ParallelGCFailedAllocation (Allocation Failure) done
Event: 64.429 Executing VM operation: ParallelGCFailedAllocation (Allocation Failure)
Event: 64.433 Executing VM operation: ParallelGCFailedAllocation (Allocation Failure) done
Event: 64.458 Executing VM operation: ParallelGCFailedAllocation (Allocation Failure)
Event: 64.461 Executing VM operation: ParallelGCFailedAllocation (Allocation Failure) done
Event: 64.489 Executing VM operation: ParallelGCFailedAllocation (Allocation Failure)
Event: 64.492 Executing VM operation: ParallelGCFailedAllocation (Allocation Failure) done
Event: 64.515 Executing VM operation: ParallelGCFailedAllocation (Allocation Failure)
Event: 64.518 Executing VM operation: ParallelGCFailedAllocation (Allocation Failure) done
Event: 64.546 Executing VM operation: ParallelGCFailedAllocation (Allocation Failure)
Event: 64.550 Executing VM operation: ParallelGCFailedAllocation (Allocation Failure) done
Event: 64.573 Executing VM operation: ParallelGCFailedAllocation (Allocation Failure)
Event: 64.576 Executing VM operation: ParallelGCFailedAllocation (Allocation Failure) done
Event: 64.624 Executing VM operation: ParallelGCFailedAllocation (Allocation Failure)
Event: 64.627 Executing VM operation: ParallelGCFailedAllocation (Allocation Failure) done
Event: 64.648 Executing VM operation: ParallelGCFailedAllocation (Allocation Failure)
Event: 64.651 Executing VM operation: ParallelGCFailedAllocation (Allocation Failure) done
Event: 64.674 Executing VM operation: ParallelGCFailedAllocation (Allocation Failure)

Memory protections (0 events):
No events

Nmethod flushes (20 events):
Event: 45.425 Thread 0x00000190a1634b20 flushing  nmethod 0x00000190a4dfa910
Event: 45.425 Thread 0x00000190a1634b20 flushing  nmethod 0x00000190a4e15090
Event: 45.425 Thread 0x00000190a1634b20 flushing  nmethod 0x00000190a4e18a90
Event: 45.425 Thread 0x00000190a1634b20 flushing  nmethod 0x00000190a4e49090
Event: 45.425 Thread 0x00000190a1634b20 flushing  nmethod 0x00000190a4e49810
Event: 45.425 Thread 0x00000190a1634b20 flushing  nmethod 0x00000190a4e4a110
Event: 45.425 Thread 0x00000190a1634b20 flushing  nmethod 0x00000190a4e4b310
Event: 45.425 Thread 0x00000190a1634b20 flushing  nmethod 0x00000190a4e4bb10
Event: 45.425 Thread 0x00000190a1634b20 flushing  nmethod 0x00000190a4e4cc10
Event: 45.425 Thread 0x00000190a1634b20 flushing  nmethod 0x00000190a4e4d510
Event: 45.425 Thread 0x00000190a1634b20 flushing  nmethod 0x00000190a4e4e990
Event: 45.425 Thread 0x00000190a1634b20 flushing  nmethod 0x00000190a4e4fe90
Event: 45.425 Thread 0x00000190a1634b20 flushing  nmethod 0x00000190a4e50910
Event: 45.425 Thread 0x00000190a1634b20 flushing  nmethod 0x00000190a4e51c90
Event: 45.425 Thread 0x00000190a1634b20 flushing  nmethod 0x00000190a4ea2490
Event: 45.425 Thread 0x00000190a1634b20 flushing  nmethod 0x00000190a4ea3c90
Event: 45.425 Thread 0x00000190a1634b20 flushing  nmethod 0x00000190a4eab890
Event: 45.425 Thread 0x00000190a1634b20 flushing  nmethod 0x00000190a4eb0f10
Event: 45.425 Thread 0x00000190a1634b20 flushing  nmethod 0x00000190a4ef4710
Event: 45.425 Thread 0x00000190a1634b20 flushing  nmethod 0x00000190a4f2f390

Events (20 events):
Event: 54.448 Thread 0x0000019084a21420 Thread added: 0x000001908765e340
Event: 54.448 Thread 0x0000019084a21420 Thread added: 0x000001908765d620
Event: 54.630 Thread 0x000001908777f020 Thread added: 0x000001908765e9d0
Event: 54.631 Thread 0x000001908777f020 Thread added: 0x0000019087660410
Event: 54.631 Thread 0x000001908777f020 Thread added: 0x000001908765f6f0
Event: 54.631 Thread 0x000001908777f020 Thread added: 0x000001908765f060
Event: 54.631 Thread 0x000001908777f020 Thread added: 0x000001908765cf90
Event: 54.632 Thread 0x000001908777f020 Thread added: 0x000001908765fd80
Event: 54.632 Thread 0x000001908777f020 Thread added: 0x0000019087660aa0
Event: 54.632 Thread 0x000001908777f020 Thread added: 0x0000019087661130
Event: 54.632 Thread 0x000001908777f020 Thread added: 0x000001908765dcb0
Event: 54.632 Thread 0x000001908777f020 Thread added: 0x00000190876617c0
Event: 60.486 Thread 0x000001908777f020 Thread added: 0x00000190876624e0
Event: 61.121 Thread 0x000001908777f020 Thread added: 0x0000019087663200
Event: 61.163 Thread 0x000001908777f020 Thread added: 0x0000019087663890
Event: 61.163 Thread 0x000001908777f020 Thread added: 0x0000019087663f20
Event: 61.163 Thread 0x000001908777f020 Thread added: 0x00000190876645b0
Event: 61.395 Thread 0x000001908777f020 Thread added: 0x0000019086d46a30
Event: 61.435 Thread 0x000001908777f020 Thread added: 0x0000019086d463a0
Event: 61.482 Thread 0x000001908777f020 Thread added: 0x0000019086d45680


Dynamic libraries:
0x00007ff6813a0000 - 0x00007ff6813ae000 	c:\Users\HP\.vscode\extensions\redhat.java-1.47.0-win32-x64\jre\21.0.8-win32-x86_64\bin\java.exe
0x00007ff89aca0000 - 0x00007ff89af07000 	C:\WINDOWS\SYSTEM32\ntdll.dll
0x00007ff898a30000 - 0x00007ff898af9000 	C:\WINDOWS\System32\KERNEL32.DLL
0x00007ff898090000 - 0x00007ff898480000 	C:\WINDOWS\System32\KERNELBASE.dll
0x00007ff894dd0000 - 0x00007ff894e6e000 	C:\WINDOWS\SYSTEM32\apphelp.dll
0x00007ff898750000 - 0x00007ff89889b000 	C:\WINDOWS\System32\ucrtbase.dll
0x00007ff892d00000 - 0x00007ff892d18000 	c:\Users\HP\.vscode\extensions\redhat.java-1.47.0-win32-x64\jre\21.0.8-win32-x86_64\bin\jli.dll
0x00007ff88d0a0000 - 0x00007ff88d0be000 	c:\Users\HP\.vscode\extensions\redhat.java-1.47.0-win32-x64\jre\21.0.8-win32-x86_64\bin\VCRUNTIME140.dll
0x00007ff898e10000 - 0x00007ff898fd5000 	C:\WINDOWS\System32\USER32.dll
0x00007ff87ebe0000 - 0x00007ff87ee7a000 	C:\WINDOWS\WinSxS\amd64_microsoft.windows.common-controls_6595b64144ccf1df_6.0.26100.4768_none_3e0c112ce331287c\COMCTL32.dll
0x00007ff898a00000 - 0x00007ff898a27000 	C:\WINDOWS\System32\win32u.dll
0x00007ff899110000 - 0x00007ff8991b9000 	C:\WINDOWS\System32\msvcrt.dll
0x00007ff8990a0000 - 0x00007ff8990cb000 	C:\WINDOWS\System32\GDI32.dll
0x00007ff898490000 - 0x00007ff8985c8000 	C:\WINDOWS\System32\gdi32full.dll
0x00007ff897dd0000 - 0x00007ff897e73000 	C:\WINDOWS\System32\msvcp_win.dll
0x00007ff898dd0000 - 0x00007ff898dff000 	C:\WINDOWS\System32\IMM32.DLL
0x00007ff88d2d0000 - 0x00007ff88d2dc000 	c:\Users\HP\.vscode\extensions\redhat.java-1.47.0-win32-x64\jre\21.0.8-win32-x86_64\bin\vcruntime140_1.dll
0x00007ff875df0000 - 0x00007ff875e7d000 	c:\Users\HP\.vscode\extensions\redhat.java-1.47.0-win32-x64\jre\21.0.8-win32-x86_64\bin\msvcp140.dll
0x00007ff815e00000 - 0x00007ff816b97000 	c:\Users\HP\.vscode\extensions\redhat.java-1.47.0-win32-x64\jre\21.0.8-win32-x86_64\bin\server\jvm.dll
0x00007ff898fe0000 - 0x00007ff899094000 	C:\WINDOWS\System32\ADVAPI32.dll
0x00007ff89abb0000 - 0x00007ff89ac56000 	C:\WINDOWS\System32\sechost.dll
0x00007ff899d80000 - 0x00007ff899e98000 	C:\WINDOWS\System32\RPCRT4.dll
0x00007ff89aaf0000 - 0x00007ff89ab64000 	C:\WINDOWS\System32\WS2_32.dll
0x00007ff88f840000 - 0x00007ff88f875000 	C:\WINDOWS\SYSTEM32\WINMM.dll
0x00007ff88ff40000 - 0x00007ff88ff4b000 	C:\WINDOWS\SYSTEM32\VERSION.dll
0x00007ff897a90000 - 0x00007ff897aee000 	C:\WINDOWS\SYSTEM32\POWRPROF.dll
0x00007ff897a70000 - 0x00007ff897a84000 	C:\WINDOWS\SYSTEM32\UMPDC.dll
0x00007ff896b50000 - 0x00007ff896b6b000 	C:\WINDOWS\SYSTEM32\kernel.appcore.dll
0x00007ff88d1d0000 - 0x00007ff88d1da000 	c:\Users\HP\.vscode\extensions\redhat.java-1.47.0-win32-x64\jre\21.0.8-win32-x86_64\bin\jimage.dll
0x00007ff88a7f0000 - 0x00007ff88aa31000 	C:\WINDOWS\SYSTEM32\DBGHELP.DLL
0x00007ff8991c0000 - 0x00007ff899545000 	C:\WINDOWS\System32\combase.dll
0x00007ff89a120000 - 0x00007ff89a200000 	C:\WINDOWS\System32\OLEAUT32.dll
0x00007ff87a930000 - 0x00007ff87a973000 	C:\WINDOWS\SYSTEM32\dbgcore.DLL
0x00007ff898960000 - 0x00007ff8989f9000 	C:\WINDOWS\System32\bcryptPrimitives.dll
0x00007ff88d3a0000 - 0x00007ff88d3af000 	c:\Users\HP\.vscode\extensions\redhat.java-1.47.0-win32-x64\jre\21.0.8-win32-x86_64\bin\instrument.dll
0x00007ff886aa0000 - 0x00007ff886abf000 	c:\Users\HP\.vscode\extensions\redhat.java-1.47.0-win32-x64\jre\21.0.8-win32-x86_64\bin\java.dll
0x00007ff89a320000 - 0x00007ff89aa6d000 	C:\WINDOWS\System32\SHELL32.dll
0x00007ff897f10000 - 0x00007ff898083000 	C:\WINDOWS\System32\wintypes.dll
0x00007ff8959b0000 - 0x00007ff896210000 	C:\WINDOWS\SYSTEM32\windows.storage.dll
0x00007ff898c80000 - 0x00007ff898d75000 	C:\WINDOWS\System32\SHCORE.dll
0x00007ff899fa0000 - 0x00007ff89a00a000 	C:\WINDOWS\System32\shlwapi.dll
0x00007ff897cf0000 - 0x00007ff897d19000 	C:\WINDOWS\SYSTEM32\profapi.dll
0x00007ff886890000 - 0x00007ff8868a8000 	c:\Users\HP\.vscode\extensions\redhat.java-1.47.0-win32-x64\jre\21.0.8-win32-x86_64\bin\zip.dll
0x00007ff88d390000 - 0x00007ff88d3a0000 	C:\Users\HP\.vscode\extensions\redhat.java-1.47.0-win32-x64\jre\21.0.8-win32-x86_64\bin\net.dll
0x00007ff88fbb0000 - 0x00007ff88fcce000 	C:\WINDOWS\SYSTEM32\WINHTTP.dll
0x00007ff8970e0000 - 0x00007ff89714b000 	C:\WINDOWS\system32\mswsock.dll
0x00007ff88d1b0000 - 0x00007ff88d1c6000 	C:\Users\HP\.vscode\extensions\redhat.java-1.47.0-win32-x64\jre\21.0.8-win32-x86_64\bin\nio.dll
0x00007ff88d330000 - 0x00007ff88d340000 	c:\Users\HP\.vscode\extensions\redhat.java-1.47.0-win32-x64\jre\21.0.8-win32-x86_64\bin\verify.dll
0x00007ff886ac0000 - 0x00007ff886b04000 	C:\Users\HP\AppData\Roaming\Code\User\globalStorage\redhat.java\1.47.0\config_win\org.eclipse.equinox.launcher\org.eclipse.equinox.launcher.win32.win32.x86_64_1.2.1400.v20250801-0854\eclipse_11916.dll
0x00007ff899bd0000 - 0x00007ff899d70000 	C:\WINDOWS\System32\ole32.dll
0x00007ff8973b0000 - 0x00007ff8973cb000 	C:\WINDOWS\SYSTEM32\CRYPTSP.dll
0x00007ff896ab0000 - 0x00007ff896aeb000 	C:\WINDOWS\system32\rsaenh.dll
0x00007ff897180000 - 0x00007ff8971ab000 	C:\WINDOWS\SYSTEM32\USERENV.dll
0x00007ff897cc0000 - 0x00007ff897ce6000 	C:\WINDOWS\SYSTEM32\bcrypt.dll
0x00007ff8973a0000 - 0x00007ff8973ac000 	C:\WINDOWS\SYSTEM32\CRYPTBASE.dll
0x00007ff8964e0000 - 0x00007ff896513000 	C:\WINDOWS\SYSTEM32\IPHLPAPI.DLL
0x00007ff898c70000 - 0x00007ff898c7a000 	C:\WINDOWS\System32\NSI.dll
0x00007ff886610000 - 0x00007ff886659000 	C:\Users\HP\AppData\Local\Temp\jna-2312\jna9926565937676091786.dll
0x00007ff899100000 - 0x00007ff899108000 	C:\WINDOWS\System32\PSAPI.DLL
0x00007ff890290000 - 0x00007ff8902af000 	C:\WINDOWS\SYSTEM32\dhcpcsvc6.DLL
0x00007ff88fff0000 - 0x00007ff890015000 	C:\WINDOWS\SYSTEM32\dhcpcsvc.DLL

JVMTI agents:
c:\Users\HP\.vscode\extensions\redhat.java-1.47.0-win32-x64\lombok\lombok-1.18.39-4050.jar path:c:\Users\HP\.vscode\extensions\redhat.java-1.47.0-win32-x64\jre\21.0.8-win32-x86_64\bin\instrument.dll, loaded, initialized, instrumentlib options:none

dbghelp: loaded successfully - version: 4.0.5 - missing functions: none
symbol engine: initialized successfully - sym options: 0x614 - pdb path: .;c:\Users\HP\.vscode\extensions\redhat.java-1.47.0-win32-x64\jre\21.0.8-win32-x86_64\bin;C:\WINDOWS\SYSTEM32;C:\WINDOWS\WinSxS\amd64_microsoft.windows.common-controls_6595b64144ccf1df_6.0.26100.4768_none_3e0c112ce331287c;c:\Users\HP\.vscode\extensions\redhat.java-1.47.0-win32-x64\jre\21.0.8-win32-x86_64\bin\server;C:\Users\HP\AppData\Roaming\Code\User\globalStorage\redhat.java\1.47.0\config_win\org.eclipse.equinox.launcher\org.eclipse.equinox.launcher.win32.win32.x86_64_1.2.1400.v20250801-0854;C:\Users\HP\AppData\Local\Temp\jna-2312

VM Arguments:
jvm_args: --add-modules=ALL-SYSTEM --add-opens=java.base/java.util=ALL-UNNAMED --add-opens=java.base/java.lang=ALL-UNNAMED --add-opens=java.base/sun.nio.fs=ALL-UNNAMED -Declipse.application=org.eclipse.jdt.ls.core.id1 -Dosgi.bundles.defaultStartLevel=4 -Declipse.product=org.eclipse.jdt.ls.core.product -Djava.import.generatesMetadataFilesAtProjectRoot=false -DDetectVMInstallationsJob.disabled=true -Dfile.encoding=utf8 -XX:+UseParallelGC -XX:GCTimeRatio=4 -XX:AdaptiveSizePolicyWeight=90 -Dsun.zip.disableMemoryMapping=true -Xmx2G -Xms100m -Xlog:disable -javaagent:c:\Users\HP\.vscode\extensions\redhat.java-1.47.0-win32-x64\lombok\lombok-1.18.39-4050.jar -XX:+HeapDumpOnOutOfMemoryError -XX:HeapDumpPath=c:\Users\HP\AppData\Roaming\Code\User\workspaceStorage\1e69dca82d2ee477196b82071fb0b605\redhat.java -Daether.dependencyCollector.impl=bf 
java_command: c:\Users\HP\.vscode\extensions\redhat.java-1.47.0-win32-x64\server\plugins\org.eclipse.equinox.launcher_1.7.100.v20251014-1222.jar -configuration c:\Users\HP\AppData\Roaming\Code\User\globalStorage\redhat.java\1.47.0\config_win -data c:\Users\HP\AppData\Roaming\Code\User\workspaceStorage\1e69dca82d2ee477196b82071fb0b605\redhat.java\jdt_ws --pipe=\\.\pipe\lsp-03857b2718ac4c9f12621ebcc16976c2-sock
java_class_path (initial): c:\Users\HP\.vscode\extensions\redhat.java-1.47.0-win32-x64\server\plugins\org.eclipse.equinox.launcher_1.7.100.v20251014-1222.jar
Launcher Type: SUN_STANDARD

[Global flags]
    uintx AdaptiveSizePolicyWeight                 = 90                                        {product} {command line}
     intx CICompilerCount                          = 4                                         {product} {ergonomic}
    uintx GCTimeRatio                              = 4                                         {product} {command line}
     bool HeapDumpOnOutOfMemoryError               = true                                   {manageable} {command line}
    ccstr HeapDumpPath                             = c:\Users\HP\AppData\Roaming\Code\User\workspaceStorage\1e69dca82d2ee477196b82071fb0b605\redhat.java         {manageable} {command line}
   size_t InitialHeapSize                          = 104857600                                 {product} {command line}
   size_t MaxHeapSize                              = 2147483648                                {product} {command line}
   size_t MaxNewSize                               = 715653120                                 {product} {ergonomic}
   size_t MinHeapDeltaBytes                        = 524288                                    {product} {ergonomic}
   size_t MinHeapSize                              = 104857600                                 {product} {command line}
   size_t NewSize                                  = 34603008                                  {product} {ergonomic}
    uintx NonNMethodCodeHeapSize                   = 5839372                                {pd product} {ergonomic}
    uintx NonProfiledCodeHeapSize                  = 122909434                              {pd product} {ergonomic}
   size_t OldSize                                  = 70254592                                  {product} {ergonomic}
    uintx ProfiledCodeHeapSize                     = 122909434                              {pd product} {ergonomic}
    uintx ReservedCodeCacheSize                    = 251658240                              {pd product} {ergonomic}
     bool SegmentedCodeCache                       = true                                      {product} {ergonomic}
   size_t SoftMaxHeapSize                          = 2147483648                             {manageable} {ergonomic}
     bool UseCompressedOops                        = true                           {product lp64_product} {ergonomic}
     bool UseLargePagesIndividualAllocation        = false                                  {pd product} {ergonomic}
     bool UseParallelGC                            = true                                      {product} {command line}

Logging:
Log output configuration:
 #0: stdout all=off uptime,level,tags foldmultilines=false
 #1: stderr all=off uptime,level,tags foldmultilines=false

Environment Variables:
JAVA_HOME=C:\Program Files\Amazon Corretto\jdk17.0.15_6
PATH=C:\Program Files\Amazon Corretto\jdk17.0.15_6\bin;C:\WINDOWS\system32;C:\WINDOWS;C:\WINDOWS\System32\Wbem;C:\WINDOWS\System32\WindowsPowerShell\v1.0\;C:\WINDOWS\System32\OpenSSH\;C:\ProgramData\chocolatey\bin;C:\Program Files\Vagrant\bin;C:\Program Files\Git\cmd;C:\ProgramData\chocolatey\lib\maven\apache-maven-3.9.11\bin;C:\Program Files\Amazon\AWSCLIV2\;C:\Program Files\Microsoft VS Code\bin;C:\Users\HP\AppData\Local\Microsoft\WindowsApps;C:\Users\HP\AppData\Local\Programs\Microsoft VS Code\bin;C:\Program Files\Oracle\VirtualBox
USERNAME=HP
OS=Windows_NT
PROCESSOR_IDENTIFIER=AMD64 Family 23 Model 104 Stepping 1, AuthenticAMD
TMP=C:\Users\HP\AppData\Local\Temp
TEMP=C:\Users\HP\AppData\Local\Temp




Periodic native trim disabled

---------------  S Y S T E M  ---------------

OS:
 Windows 11 , 64 bit Build 26100 (10.0.26100.4768)
OS uptime: 0 days 23:35 hours
Hyper-V role detected

CPU: total 12 (initial active 12) (12 cores per cpu, 2 threads per core) family 23 model 104 stepping 1 microcode 0x8608108, cx8, cmov, fxsr, ht, mmx, 3dnowpref, sse, sse2, sse3, ssse3, sse4a, sse4.1, sse4.2, popcnt, lzcnt, tsc, tscinvbit, avx, avx2, aes, clmul, bmi1, bmi2, adx, sha, fma, vzeroupper, clflush, clflushopt, hv, rdtscp, rdpid, f16c
Processor Information for the first 12 processors :
  Max Mhz: 2100, Current Mhz: 2100, Mhz Limit: 2100

Memory: 4k page, system-wide physical 3405M (26M free)
TotalPageFile size 13645M (AvailPageFile size 12M)
current process WorkingSet (physical memory assigned to process): 210M, peak: 239M
current process commit charge ("private bytes"): 513M, peak: 515M

vm_info: OpenJDK 64-Bit Server VM (21.0.8+9-LTS) for windows-amd64 JRE (21.0.8+9-LTS), built on 2025-07-15T00:00:00Z by "admin" with MS VC++ 17.7 (VS2022)

END.
