#
# There is insufficient memory for the Java Runtime Environment to continue.
# Native memory allocation (malloc) failed to allocate 1240112 bytes. Error detail: Chunk::new
# Possible reasons:
#   The system is out of physical RAM or swap space
#   This process is running with CompressedOops enabled, and the Java Heap may be blocking the growth of the native heap
# Possible solutions:
#   Reduce memory load on the system
#   Increase physical memory or swap space
#   Check if swap backing store is full
#   Decrease Java heap size (-Xmx/-Xms)
#   Decrease number of Java threads
#   Decrease Java thread stack sizes (-Xss)
#   Set larger code cache with -XX:ReservedCodeCacheSize=
#   JVM is running with Unscaled Compressed Oops mode in which the Java heap is
#     placed in the first 4GB address space. The Java Heap base address is the
#     maximum limit for the native heap growth. Please use -XX:HeapBaseMinAddress
#     to set the Java Heap base and to place the Java Heap above 4GB virtual address.
# This output file may be truncated or incomplete.
#
#  Out of Memory Error (arena.cpp:168), pid=13916, tid=11120
#
# JRE version: OpenJDK Runtime Environment Temurin-21.0.8+9 (21.0.8+9) (build 21.0.8+9-LTS)
# Java VM: OpenJDK 64-Bit Server VM Temurin-21.0.8+9 (21.0.8+9-LTS, mixed mode, sharing, tiered, compressed oops, compressed class ptrs, parallel gc, windows-amd64)
# No core dump will be written. Minidumps are not enabled by default on client versions of Windows
#

---------------  S U M M A R Y ------------

Command Line: --add-modules=ALL-SYSTEM --add-opens=java.base/java.util=ALL-UNNAMED --add-opens=java.base/java.lang=ALL-UNNAMED --add-opens=java.base/sun.nio.fs=ALL-UNNAMED -Declipse.application=org.eclipse.jdt.ls.core.id1 -Dosgi.bundles.defaultStartLevel=4 -Declipse.product=org.eclipse.jdt.ls.core.product -Djava.import.generatesMetadataFilesAtProjectRoot=false -DDetectVMInstallationsJob.disabled=true -Dfile.encoding=utf8 -XX:+UseParallelGC -XX:GCTimeRatio=4 -XX:AdaptiveSizePolicyWeight=90 -Dsun.zip.disableMemoryMapping=true -Xmx2G -Xms100m -Xlog:disable -javaagent:c:\Users\HP\.vscode\extensions\redhat.java-1.47.0-win32-x64\lombok\lombok-1.18.39-4050.jar -XX:+HeapDumpOnOutOfMemoryError -XX:HeapDumpPath=c:\Users\HP\AppData\Roaming\Code\User\workspaceStorage\1e69dca82d2ee477196b82071fb0b605\redhat.java -Daether.dependencyCollector.impl=bf c:\Users\HP\.vscode\extensions\redhat.java-1.47.0-win32-x64\server\plugins\org.eclipse.equinox.launcher_1.7.100.v20251014-1222.jar -configuration c:\Users\HP\AppData\Roaming\Code\User\globalStorage\redhat.java\1.47.0\config_win -data c:\Users\HP\AppData\Roaming\Code\User\workspaceStorage\1e69dca82d2ee477196b82071fb0b605\redhat.java\jdt_ws --pipe=\\.\pipe\lsp-1cb7c0bd99f9af46c6fb69bed81430c3-sock

Host: AMD Ryzen 5 5500U with Radeon Graphics         , 12 cores, 3G,  Windows 11 , 64 bit Build 26100 (10.0.26100.4768)
Time: Tue Nov 18 22:04:07 2025 India Standard Time elapsed time: 51.869896 seconds (0d 0h 0m 51s)

---------------  T H R E A D  ---------------

Current thread (0x00000165fc7a1890):  JavaThread "C2 CompilerThread0" daemon [_thread_in_native, id=11120, stack(0x0000005a03100000,0x0000005a03200000) (1024K)]


Current CompileTask:
C2:51869 12475       4       org.eclipse.jdt.internal.compiler.util.JrtFileSystem$2::visitFile (72 bytes)

Stack: [0x0000005a03100000,0x0000005a03200000]
Native frames: (J=compiled Java code, j=interpreted, Vv=VM code, C=native code)
V  [jvm.dll+0x6d2449]
V  [jvm.dll+0x8ae341]
V  [jvm.dll+0x8b08be]
V  [jvm.dll+0x8b0fa3]
V  [jvm.dll+0x280c96]
V  [jvm.dll+0xc581d]
V  [jvm.dll+0xc5d53]
V  [jvm.dll+0x3b919c]
V  [jvm.dll+0x1e1409]
V  [jvm.dll+0x249022]
V  [jvm.dll+0x2484af]
V  [jvm.dll+0x1c89ee]
V  [jvm.dll+0x257d4d]
V  [jvm.dll+0x2562ea]
V  [jvm.dll+0x3f2d16]
V  [jvm.dll+0x857e6b]
V  [jvm.dll+0x6d0b0d]
C  [ucrtbase.dll+0x37b0]
C  [KERNEL32.DLL+0x2e8d7]
C  [ntdll.dll+0x3c34c]


---------------  P R O C E S S  ---------------

Threads class SMR info:
_java_thread_list=0x0000016584927680, length=82, elements={
0x00000165a39b2b10, 0x00000165a3939400, 0x00000165a393c320, 0x00000165a393fd90,
0x00000165a3942ba0, 0x00000165a3945c00, 0x00000165a3948cf0, 0x00000165fc7a1890,
0x00000165fc7a2aa0, 0x00000165a3a198e0, 0x00000165fcacbc10, 0x00000165fdd09d40,
0x00000165fde3db90, 0x00000165fdbf1bd0, 0x00000165fde68710, 0x00000165fe3e3aa0,
0x00000165fe3fd2f0, 0x00000165fdb43b00, 0x00000165fe173220, 0x00000165fd9cd610,
0x00000165fd9ce330, 0x00000165fd9caeb0, 0x00000165fd9cdca0, 0x00000165fd9cb540,
0x00000165fd9cbbd0, 0x00000165fd9ccf80, 0x00000165fd9cc8f0, 0x00000165fd9cc260,
0x00000165fcb5f1d0, 0x00000165fcb5d100, 0x00000165fcb5d790, 0x00000165fcb5de20,
0x00000165fcb5eb40, 0x00000165fcb5f860, 0x00000165fcb5c3e0, 0x00000165fcb5fef0,
0x00000165fcb5e4b0, 0x00000165fcb5ca70, 0x00000165fcb60580, 0x00000165fcb62650,
0x00000165fcb61fc0, 0x00000165fcb612a0, 0x00000165fcb63a00, 0x00000165fcb60c10,
0x00000165fcb62ce0, 0x00000165fcb63370, 0x00000165fcb61930, 0x0000016585d5ad00,
0x0000016585d5b390, 0x0000016585d5c740, 0x0000016585d5daf0, 0x0000016585d5cdd0,
0x0000016585d5e810, 0x0000016585d5d460, 0x0000016585d5e180, 0x0000016585d5ba20,
0x0000016585d5c0b0, 0x0000016585d5fbc0, 0x0000016585d5eea0, 0x0000016585d60f70,
0x0000016585d5f530, 0x0000016585d60250, 0x0000016585d608e0, 0x0000016585d61600,
0x0000016585d61c90, 0x0000016585d62320, 0x0000016585bbfe00, 0x0000016585bc1840,
0x0000016585bc1ed0, 0x0000016585bc0490, 0x0000016585bc2560, 0x0000016585bc2bf0,
0x0000016585bc11b0, 0x0000016585bbf770, 0x0000016585bc6700, 0x0000016585bc5350,
0x0000016585bc59e0, 0x0000016585bc3280, 0x0000016585bc6d90, 0x0000016585bc3910,
0x0000016585bc3fa0, 0x000001658dfced90
}

Java Threads: ( => current thread )
  0x00000165a39b2b10 JavaThread "main"                              [_thread_blocked, id=8160, stack(0x0000005a02700000,0x0000005a02800000) (1024K)]
  0x00000165a3939400 JavaThread "Reference Handler"          daemon [_thread_blocked, id=16572, stack(0x0000005a02b00000,0x0000005a02c00000) (1024K)]
  0x00000165a393c320 JavaThread "Finalizer"                  daemon [_thread_blocked, id=14384, stack(0x0000005a02c00000,0x0000005a02d00000) (1024K)]
  0x00000165a393fd90 JavaThread "Signal Dispatcher"          daemon [_thread_blocked, id=20528, stack(0x0000005a02d00000,0x0000005a02e00000) (1024K)]
  0x00000165a3942ba0 JavaThread "Attach Listener"            daemon [_thread_blocked, id=17516, stack(0x0000005a02e00000,0x0000005a02f00000) (1024K)]
  0x00000165a3945c00 JavaThread "Service Thread"             daemon [_thread_blocked, id=21752, stack(0x0000005a02f00000,0x0000005a03000000) (1024K)]
  0x00000165a3948cf0 JavaThread "Monitor Deflation Thread"   daemon [_thread_blocked, id=9476, stack(0x0000005a03000000,0x0000005a03100000) (1024K)]
=>0x00000165fc7a1890 JavaThread "C2 CompilerThread0"         daemon [_thread_in_native, id=11120, stack(0x0000005a03100000,0x0000005a03200000) (1024K)]
  0x00000165fc7a2aa0 JavaThread "C1 CompilerThread0"         daemon [_thread_in_native, id=6476, stack(0x0000005a03200000,0x0000005a03300000) (1024K)]
  0x00000165a3a198e0 JavaThread "Common-Cleaner"             daemon [_thread_blocked, id=4768, stack(0x0000005a03300000,0x0000005a03400000) (1024K)]
  0x00000165fcacbc10 JavaThread "Notification Thread"        daemon [_thread_blocked, id=21348, stack(0x0000005a03400000,0x0000005a03500000) (1024K)]
  0x00000165fdd09d40 JavaThread "Active Thread: Equinox Container: c38b76c1-6104-4b2c-a5a9-d3e53d691cd2"        [_thread_blocked, id=9592, stack(0x0000005a03b00000,0x0000005a03c00000) (1024K)]
  0x00000165fde3db90 JavaThread "Refresh Thread: Equinox Container: c38b76c1-6104-4b2c-a5a9-d3e53d691cd2" daemon [_thread_blocked, id=5976, stack(0x0000005a03c00000,0x0000005a03d00000) (1024K)]
  0x00000165fdbf1bd0 JavaThread "Framework Event Dispatcher: Equinox Container: c38b76c1-6104-4b2c-a5a9-d3e53d691cd2" daemon [_thread_blocked, id=9316, stack(0x0000005a03e00000,0x0000005a03f00000) (1024K)]
  0x00000165fde68710 JavaThread "Start Level: Equinox Container: c38b76c1-6104-4b2c-a5a9-d3e53d691cd2" daemon [_thread_blocked, id=17292, stack(0x0000005a03f00000,0x0000005a04000000) (1024K)]
  0x00000165fe3e3aa0 JavaThread "Bundle File Closer"         daemon [_thread_blocked, id=13584, stack(0x0000005a04200000,0x0000005a04300000) (1024K)]
  0x00000165fe3fd2f0 JavaThread "SCR Component Actor"        daemon [_thread_blocked, id=12104, stack(0x0000005a04300000,0x0000005a04400000) (1024K)]
  0x00000165fdb43b00 JavaThread "Worker-JM"                         [_thread_blocked, id=11356, stack(0x0000005a04400000,0x0000005a04500000) (1024K)]
  0x00000165fe173220 JavaThread "JNA Cleaner"                daemon [_thread_blocked, id=14936, stack(0x0000005a04500000,0x0000005a04600000) (1024K)]
  0x00000165fd9cd610 JavaThread "Worker-0"                          [_thread_blocked, id=1780, stack(0x0000005a04600000,0x0000005a04700000) (1024K)]
  0x00000165fd9ce330 JavaThread "Worker-1"                          [_thread_blocked, id=20236, stack(0x0000005a04700000,0x0000005a04800000) (1024K)]
  0x00000165fd9caeb0 JavaThread "Worker-2"                          [_thread_blocked, id=21364, stack(0x0000005a04800000,0x0000005a04900000) (1024K)]
  0x00000165fd9cdca0 JavaThread "Worker-3"                          [_thread_blocked, id=17976, stack(0x0000005a04900000,0x0000005a04a00000) (1024K)]
  0x00000165fd9cb540 JavaThread "Java indexing"              daemon [_thread_in_Java, id=20820, stack(0x0000005a04a00000,0x0000005a04b00000) (1024K)]
  0x00000165fd9cbbd0 JavaThread "Worker-4: Java indexing... "        [_thread_blocked, id=22064, stack(0x0000005a04b00000,0x0000005a04c00000) (1024K)]
  0x00000165fd9ccf80 JavaThread "Worker-5: Check JDK Index"         [_thread_blocked, id=21880, stack(0x0000005a04e00000,0x0000005a04f00000) (1024K)]
  0x00000165fd9cc8f0 JavaThread "Worker-6: Update project vprofile"        [_thread_blocked, id=10428, stack(0x0000005a04f00000,0x0000005a05000000) (1024K)]
  0x00000165fd9cc260 JavaThread "Worker-7: Initialize workspace"        [_thread_in_vm, id=19352, stack(0x0000005a05000000,0x0000005a05100000) (1024K)]
  0x00000165fcb5f1d0 JavaThread "Thread-1"                   daemon [_thread_in_native, id=12364, stack(0x0000005a05100000,0x0000005a05200000) (1024K)]
  0x00000165fcb5d100 JavaThread "Thread-2"                   daemon [_thread_in_native, id=15844, stack(0x0000005a05200000,0x0000005a05300000) (1024K)]
  0x00000165fcb5d790 JavaThread "Thread-3"                   daemon [_thread_in_native, id=12776, stack(0x0000005a05300000,0x0000005a05400000) (1024K)]
  0x00000165fcb5de20 JavaThread "Thread-4"                   daemon [_thread_in_native, id=14080, stack(0x0000005a05400000,0x0000005a05500000) (1024K)]
  0x00000165fcb5eb40 JavaThread "Thread-5"                   daemon [_thread_in_native, id=13396, stack(0x0000005a05500000,0x0000005a05600000) (1024K)]
  0x00000165fcb5f860 JavaThread "Thread-6"                   daemon [_thread_in_native, id=3500, stack(0x0000005a05600000,0x0000005a05700000) (1024K)]
  0x00000165fcb5c3e0 JavaThread "Thread-7"                   daemon [_thread_in_native, id=21272, stack(0x0000005a05700000,0x0000005a05800000) (1024K)]
  0x00000165fcb5fef0 JavaThread "Thread-8"                   daemon [_thread_in_native, id=9180, stack(0x0000005a05800000,0x0000005a05900000) (1024K)]
  0x00000165fcb5e4b0 JavaThread "Thread-9"                   daemon [_thread_in_native, id=9744, stack(0x0000005a05900000,0x0000005a05a00000) (1024K)]
  0x00000165fcb5ca70 JavaThread "Thread-10"                  daemon [_thread_in_native, id=20424, stack(0x0000005a05a00000,0x0000005a05b00000) (1024K)]
  0x00000165fcb60580 JavaThread "Thread-11"                  daemon [_thread_in_native, id=5164, stack(0x0000005a05b00000,0x0000005a05c00000) (1024K)]
  0x00000165fcb62650 JavaThread "Thread-12"                  daemon [_thread_in_native, id=9576, stack(0x0000005a05c00000,0x0000005a05d00000) (1024K)]
  0x00000165fcb61fc0 JavaThread "Thread-13"                  daemon [_thread_in_native, id=15520, stack(0x0000005a05d00000,0x0000005a05e00000) (1024K)]
  0x00000165fcb612a0 JavaThread "pool-2-thread-1"                   [_thread_blocked, id=21176, stack(0x0000005a05e00000,0x0000005a05f00000) (1024K)]
  0x00000165fcb63a00 JavaThread "WorkspaceEventsHandler"            [_thread_blocked, id=16588, stack(0x0000005a05f00000,0x0000005a06000000) (1024K)]
  0x00000165fcb60c10 JavaThread "pool-1-thread-1"                   [_thread_blocked, id=20116, stack(0x0000005a06000000,0x0000005a06100000) (1024K)]
  0x00000165fcb62ce0 JavaThread "LocalFile Deleter"          daemon [_thread_blocked, id=22476, stack(0x0000005a06100000,0x0000005a06200000) (1024K)]
  0x00000165fcb63370 JavaThread "LocalFile Deleter"          daemon [_thread_blocked, id=19980, stack(0x0000005a06200000,0x0000005a06300000) (1024K)]
  0x00000165fcb61930 JavaThread "LocalFile Deleter"          daemon [_thread_blocked, id=19488, stack(0x0000005a06300000,0x0000005a06400000) (1024K)]
  0x0000016585d5ad00 JavaThread "LocalFile Deleter"          daemon [_thread_blocked, id=10600, stack(0x0000005a06400000,0x0000005a06500000) (1024K)]
  0x0000016585d5b390 JavaThread "LocalFile Deleter"          daemon [_thread_blocked, id=3912, stack(0x0000005a06500000,0x0000005a06600000) (1024K)]
  0x0000016585d5c740 JavaThread "LocalFile Deleter"          daemon [_thread_blocked, id=3584, stack(0x0000005a06600000,0x0000005a06700000) (1024K)]
  0x0000016585d5daf0 JavaThread "LocalFile Deleter"          daemon [_thread_blocked, id=21036, stack(0x0000005a06700000,0x0000005a06800000) (1024K)]
  0x0000016585d5cdd0 JavaThread "LocalFile Deleter"          daemon [_thread_blocked, id=16888, stack(0x0000005a06800000,0x0000005a06900000) (1024K)]
  0x0000016585d5e810 JavaThread "LocalFile Deleter"          daemon [_thread_blocked, id=1896, stack(0x0000005a06900000,0x0000005a06a00000) (1024K)]
  0x0000016585d5d460 JavaThread "LocalFile Deleter"          daemon [_thread_blocked, id=16864, stack(0x0000005a06a00000,0x0000005a06b00000) (1024K)]
  0x0000016585d5e180 JavaThread "LocalFile Deleter"          daemon [_thread_blocked, id=9388, stack(0x0000005a06b00000,0x0000005a06c00000) (1024K)]
  0x0000016585d5ba20 JavaThread "LocalFile Deleter"          daemon [_thread_blocked, id=10780, stack(0x0000005a06c00000,0x0000005a06d00000) (1024K)]
  0x0000016585d5c0b0 JavaThread "Compiler Source File Reader" daemon [_thread_blocked, id=14864, stack(0x0000005a06d00000,0x0000005a06e00000) (1024K)]
  0x0000016585d5fbc0 JavaThread "Compiler Source File Reader" daemon [_thread_blocked, id=22424, stack(0x0000005a06e00000,0x0000005a06f00000) (1024K)]
  0x0000016585d5eea0 JavaThread "Compiler Source File Reader" daemon [_thread_blocked, id=10532, stack(0x0000005a06f00000,0x0000005a07000000) (1024K)]
  0x0000016585d60f70 JavaThread "Compiler Source File Reader" daemon [_thread_blocked, id=20588, stack(0x0000005a07000000,0x0000005a07100000) (1024K)]
  0x0000016585d5f530 JavaThread "Compiler Source File Reader" daemon [_thread_blocked, id=16248, stack(0x0000005a07100000,0x0000005a07200000) (1024K)]
  0x0000016585d60250 JavaThread "Compiler Source File Reader" daemon [_thread_blocked, id=3480, stack(0x0000005a07200000,0x0000005a07300000) (1024K)]
  0x0000016585d608e0 JavaThread "Compiler Source File Reader" daemon [_thread_blocked, id=21136, stack(0x0000005a07300000,0x0000005a07400000) (1024K)]
  0x0000016585d61600 JavaThread "Compiler Source File Reader" daemon [_thread_blocked, id=7248, stack(0x0000005a07400000,0x0000005a07500000) (1024K)]
  0x0000016585d61c90 JavaThread "Compiler Source File Reader" daemon [_thread_blocked, id=21160, stack(0x0000005a07500000,0x0000005a07600000) (1024K)]
  0x0000016585d62320 JavaThread "Compiler Source File Reader" daemon [_thread_blocked, id=19756, stack(0x0000005a07600000,0x0000005a07700000) (1024K)]
  0x0000016585bbfe00 JavaThread "Compiler Processing Task"   daemon [_thread_blocked, id=13840, stack(0x0000005a07700000,0x0000005a07800000) (1024K)]
  0x0000016585bc1840 JavaThread "Compiler Class File Writer" daemon [_thread_blocked, id=12420, stack(0x0000005a07800000,0x0000005a07900000) (1024K)]
  0x0000016585bc1ed0 JavaThread "Compiler Class File Writer" daemon [_thread_blocked, id=22208, stack(0x0000005a07900000,0x0000005a07a00000) (1024K)]
  0x0000016585bc0490 JavaThread "Compiler Class File Writer" daemon [_thread_blocked, id=10012, stack(0x0000005a07a00000,0x0000005a07b00000) (1024K)]
  0x0000016585bc2560 JavaThread "Compiler Class File Writer" daemon [_thread_blocked, id=13176, stack(0x0000005a07b00000,0x0000005a07c00000) (1024K)]
  0x0000016585bc2bf0 JavaThread "Compiler Class File Writer" daemon [_thread_blocked, id=18108, stack(0x0000005a07c00000,0x0000005a07d00000) (1024K)]
  0x0000016585bc11b0 JavaThread "Compiler Class File Writer" daemon [_thread_blocked, id=15788, stack(0x0000005a07d00000,0x0000005a07e00000) (1024K)]
  0x0000016585bbf770 JavaThread "Compiler Class File Writer" daemon [_thread_blocked, id=17052, stack(0x0000005a07e00000,0x0000005a07f00000) (1024K)]
  0x0000016585bc6700 JavaThread "Compiler Class File Writer" daemon [_thread_blocked, id=17856, stack(0x0000005a07f00000,0x0000005a08000000) (1024K)]
  0x0000016585bc5350 JavaThread "Compiler Class File Writer" daemon [_thread_blocked, id=2412, stack(0x0000005a08000000,0x0000005a08100000) (1024K)]
  0x0000016585bc59e0 JavaThread "Compiler Class File Writer" daemon [_thread_blocked, id=3432, stack(0x0000005a08100000,0x0000005a08200000) (1024K)]
  0x0000016585bc3280 JavaThread "ParallelDescriptorResolver-3-0" daemon [_thread_in_native, id=17116, stack(0x0000005a02400000,0x0000005a02500000) (1024K)]
  0x0000016585bc6d90 JavaThread "ParallelDescriptorResolver-3-1" daemon [_thread_in_Java, id=17268, stack(0x0000005a08200000,0x0000005a08300000) (1024K)]
  0x0000016585bc3910 JavaThread "ParallelDescriptorResolver-3-2" daemon [_thread_in_Java, id=6772, stack(0x0000005a08300000,0x0000005a08400000) (1024K)]
  0x0000016585bc3fa0 JavaThread "ParallelDescriptorResolver-3-3" daemon [_thread_in_Java, id=21784, stack(0x0000005a08400000,0x0000005a08500000) (1024K)]
  0x000001658dfced90 JavaThread "ParallelDescriptorResolver-3-4" daemon [_thread_in_Java, id=21980, stack(0x0000005a08500000,0x0000005a08600000) (1024K)]
Total: 82

Other Threads:
  0x00000165a3a4a830 VMThread "VM Thread"                           [id=8852, stack(0x0000005a02a00000,0x0000005a02b00000) (1024K)]
  0x00000165a382ca00 WatcherThread "VM Periodic Task Thread"        [id=17768, stack(0x0000005a02900000,0x0000005a02a00000) (1024K)]
  0x00000165a39cb7f0 WorkerThread "GC Thread#0"                     [id=10380, stack(0x0000005a02800000,0x0000005a02900000) (1024K)]
  0x00000165fd859b50 WorkerThread "GC Thread#1"                     [id=9640, stack(0x0000005a03500000,0x0000005a03600000) (1024K)]
  0x00000165fd8eea80 WorkerThread "GC Thread#2"                     [id=3640, stack(0x0000005a03600000,0x0000005a03700000) (1024K)]
  0x00000165fd7b97d0 WorkerThread "GC Thread#3"                     [id=12360, stack(0x0000005a03700000,0x0000005a03800000) (1024K)]
  0x00000165fd7aa810 WorkerThread "GC Thread#4"                     [id=22152, stack(0x0000005a03800000,0x0000005a03900000) (1024K)]
  0x00000165fd7aabb0 WorkerThread "GC Thread#5"                     [id=10344, stack(0x0000005a03900000,0x0000005a03a00000) (1024K)]
  0x00000165fd7d1e70 WorkerThread "GC Thread#6"                     [id=15220, stack(0x0000005a03a00000,0x0000005a03b00000) (1024K)]
  0x00000165fde71e60 WorkerThread "GC Thread#7"                     [id=21792, stack(0x0000005a03d00000,0x0000005a03e00000) (1024K)]
  0x00000165fdb2cf60 WorkerThread "GC Thread#8"                     [id=8824, stack(0x0000005a04000000,0x0000005a04100000) (1024K)]
  0x00000165fe17c3f0 WorkerThread "GC Thread#9"                     [id=21720, stack(0x0000005a04100000,0x0000005a04200000) (1024K)]
Total: 12

Threads with active compile tasks:
C2 CompilerThread0  51973 12475       4       org.eclipse.jdt.internal.compiler.util.JrtFileSystem$2::visitFile (72 bytes)
Total: 1

VM state: not at safepoint (normal execution)

VM Mutex/Monitor currently owned by a thread:  ([mutex/lock_event])
[0x00007ff816ab5ad8] SystemDictionary_lock - owner thread: 0x0000000000000000

Heap address: 0x0000000080000000, size: 2048 MB, Compressed Oops mode: 32-bit

CDS archive(s) mapped at: [0x00000165bb000000-0x00000165bbba0000-0x00000165bbba0000), size 12189696, SharedBaseAddress: 0x00000165bb000000, ArchiveRelocationMode: 1.
Compressed class space mapped at: 0x00000165bc000000-0x00000165fc000000, reserved size: 1073741824
Narrow klass base: 0x00000165bb000000, Narrow klass shift: 0, Narrow klass range: 0x100000000

GC Precious Log:
 CardTable entry size: 512
 CPUs: 12 total, 12 available
 Memory: 3405M
 Large Page Support: Disabled
 NUMA Support: Disabled
 Compressed Oops: Enabled (32-bit)
 Alignments: Space 512K, Generation 512K, Heap 2M
 Heap Min Capacity: 100M
 Heap Initial Capacity: 100M
 Heap Max Capacity: 2G
 Pre-touch: Disabled
 Parallel Workers: 10

Heap:
 PSYoungGen      total 10752K, used 1990K [0x00000000d5580000, 0x00000000d6380000, 0x0000000100000000)
  eden space 9216K, 9% used [0x00000000d5580000,0x00000000d5655930,0x00000000d5e80000)
  from space 1536K, 73% used [0x00000000d6200000,0x00000000d631c070,0x00000000d6380000)
  to   space 1536K, 0% used [0x00000000d6080000,0x00000000d6080000,0x00000000d6200000)
 ParOldGen       total 331776K, used 331393K [0x0000000080000000, 0x0000000094400000, 0x00000000d5580000)
  object space 331776K, 99% used [0x0000000080000000,0x00000000943a0508,0x0000000094400000)
 Metaspace       used 63439K, committed 64896K, reserved 1114112K
  class space    used 6658K, committed 7296K, reserved 1048576K

Card table byte_map: [0x00000165a3340000,0x00000165a3750000] _byte_map_base: 0x00000165a2f40000

Marking Bits: (ParMarkBitMap*) 0x00007ff816aba340
 Begin Bits: [0x00000165b5e40000, 0x00000165b7e40000)
 End Bits:   [0x00000165b7e40000, 0x00000165b9e40000)

Polling page: 0x00000165a1770000

Metaspace:

Usage:
  Non-class:     55.45 MB used.
      Class:      6.50 MB used.
       Both:     61.95 MB used.

Virtual space:
  Non-class space:       64.00 MB reserved,      56.25 MB ( 88%) committed,  1 nodes.
      Class space:        1.00 GB reserved,       7.12 MB ( <1%) committed,  1 nodes.
             Both:        1.06 GB reserved,      63.38 MB (  6%) committed. 

Chunk freelists:
   Non-Class:  7.52 MB
       Class:  8.83 MB
        Both:  16.35 MB

MaxMetaspaceSize: unlimited
CompressedClassSpaceSize: 1.00 GB
Initial GC threshold: 21.00 MB
Current GC threshold: 97.31 MB
CDS: on
 - commit_granule_bytes: 65536.
 - commit_granule_words: 8192.
 - virtual_space_node_default_size: 8388608.
 - enlarge_chunks_in_place: 1.
 - use_allocation_guard: 0.


Internal statistics:

num_allocs_failed_limit: 9.
num_arena_births: 1228.
num_arena_deaths: 22.
num_vsnodes_births: 2.
num_vsnodes_deaths: 0.
num_space_committed: 1014.
num_space_uncommitted: 0.
num_chunks_returned_to_freelist: 35.
num_chunks_taken_from_freelist: 4324.
num_chunk_merges: 17.
num_chunk_splits: 2596.
num_chunks_enlarged: 1387.
num_inconsistent_stats: 0.

CodeHeap 'non-profiled nmethods': size=120000Kb used=5253Kb max_used=5253Kb free=114746Kb
 bounds [0x00000165ae660000, 0x00000165aeb90000, 0x00000165b5b90000]
CodeHeap 'profiled nmethods': size=120000Kb used=24739Kb max_used=24739Kb free=95260Kb
 bounds [0x00000165a6b90000, 0x00000165a83c0000, 0x00000165ae0c0000]
CodeHeap 'non-nmethods': size=5760Kb used=1431Kb max_used=1477Kb free=4328Kb
 bounds [0x00000165ae0c0000, 0x00000165ae330000, 0x00000165ae660000]
CodeCache: size=245760Kb, used=31423Kb, max_used=31469Kb, free=214334Kb
 total_blobs=12640, nmethods=11897, adapters=649, full_count=0
Compilation: enabled, stopped_count=0, restarted_count=0

Compilation events (20 events):
Event: 50.794 Thread 0x00000165fc7a2aa0 nmethod 12688 0x00000165a8392a90 code [0x00000165a8392c60, 0x00000165a83930f8]
Event: 50.794 Thread 0x00000165fc7a2aa0 12689       2       org.eclipse.aether.internal.impl.collect.bf.BfDependencyCollector::resolveArtifactDescriptorAsync (30 bytes)
Event: 50.795 Thread 0x00000165fc7a2aa0 nmethod 12689 0x00000165a8393310 code [0x00000165a8393500, 0x00000165a8393800]
Event: 50.795 Thread 0x00000165fc7a2aa0 12691       2       java.util.concurrent.ThreadPoolExecutor::execute (132 bytes)
Event: 50.796 Thread 0x00000165fc7a2aa0 nmethod 12691 0x00000165a8393b10 code [0x00000165a8393d60, 0x00000165a8394278]
Event: 50.796 Thread 0x00000165fc7a2aa0 12690       2       org.eclipse.aether.internal.impl.collect.bf.DependencyResolutionSkipper$DefaultDependencyResolutionSkipper::skipResolution (244 bytes)
Event: 50.799 Thread 0x00000165fc7a2aa0 nmethod 12690 0x00000165a8394590 code [0x00000165a8394880, 0x00000165a8395068]
Event: 50.800 Thread 0x00000165fc7a2aa0 12695       3       org.apache.maven.model.validation.DefaultModelValidator::validateStringNotEmpty (17 bytes)
Event: 50.800 Thread 0x00000165fc7a2aa0 nmethod 12695 0x00000165a8395590 code [0x00000165a8395740, 0x00000165a83958c0]
Event: 50.800 Thread 0x00000165fc7a2aa0 12692       2       java.util.concurrent.AbstractExecutorService::submit (25 bytes)
Event: 50.801 Thread 0x00000165fc7a2aa0 nmethod 12692 0x00000165a8395990 code [0x00000165a8395b60, 0x00000165a8395d98]
Event: 50.801 Thread 0x00000165fc7a2aa0 12693       2       java.util.concurrent.AbstractExecutorService::newTaskFor (9 bytes)
Event: 50.801 Thread 0x00000165fc7a2aa0 nmethod 12693 0x00000165a8395e90 code [0x00000165a8396040, 0x00000165a8396290]
Event: 50.801 Thread 0x00000165fc7a2aa0 12696       2       org.apache.maven.model.io.xpp3.MavenXpp3Reader::parseParent (262 bytes)
Event: 50.807 Thread 0x00000165fc7a2aa0 nmethod 12696 0x00000165a8396390 code [0x00000165a83966c0, 0x00000165a83973c8]
Event: 50.812 Thread 0x00000165fc7a2aa0 12698       3       java.util.regex.Pattern::single (82 bytes)
Event: 50.814 Thread 0x00000165fc7a2aa0 nmethod 12698 0x00000165a8397c10 code [0x00000165a8397fa0, 0x00000165a8399900]
Event: 50.815 Thread 0x00000165fc7a2aa0 12699       2       org.apache.maven.model.building.DefaultModelBuilder$$Lambda/0x00000165bc688240::accept (24 bytes)
Event: 50.816 Thread 0x00000165fc7a2aa0 nmethod 12699 0x00000165a839a010 code [0x00000165a839a1c0, 0x00000165a839a348]
Event: 50.816 Thread 0x00000165fc7a2aa0 12701       3       org.codehaus.plexus.util.xml.pull.MXParser::nextImpl (1208 bytes)

GC Heap History (20 events):
Event: 47.873 GC heap before
{Heap before GC invocations=543 (full 3):
 PSYoungGen      total 6144K, used 6134K [0x00000000d5580000, 0x00000000d5e00000, 0x0000000100000000)
  eden space 5632K, 100% used [0x00000000d5580000,0x00000000d5b00000,0x00000000d5b00000)
  from space 512K, 98% used [0x00000000d5c00000,0x00000000d5c7db80,0x00000000d5c80000)
  to   space 1536K, 0% used [0x00000000d5c80000,0x00000000d5c80000,0x00000000d5e00000)
 ParOldGen       total 324096K, used 323757K [0x0000000080000000, 0x0000000093c80000, 0x00000000d5580000)
  object space 324096K, 99% used [0x0000000080000000,0x0000000093c2b798,0x0000000093c80000)
 Metaspace       used 62795K, committed 64256K, reserved 1114112K
  class space    used 6580K, committed 7232K, reserved 1048576K
}
Event: 47.877 GC heap after
{Heap after GC invocations=543 (full 3):
 PSYoungGen      total 7168K, used 1006K [0x00000000d5580000, 0x00000000d5e00000, 0x0000000100000000)
  eden space 5632K, 0% used [0x00000000d5580000,0x00000000d5580000,0x00000000d5b00000)
  from space 1536K, 65% used [0x00000000d5c80000,0x00000000d5d7b9d0,0x00000000d5e00000)
  to   space 1536K, 0% used [0x00000000d5b00000,0x00000000d5b00000,0x00000000d5c80000)
 ParOldGen       total 324608K, used 324152K [0x0000000080000000, 0x0000000093d00000, 0x00000000d5580000)
  object space 324608K, 99% used [0x0000000080000000,0x0000000093c8e3f8,0x0000000093d00000)
 Metaspace       used 62795K, committed 64256K, reserved 1114112K
  class space    used 6580K, committed 7232K, reserved 1048576K
}
Event: 48.264 GC heap before
{Heap before GC invocations=544 (full 3):
 PSYoungGen      total 7168K, used 6638K [0x00000000d5580000, 0x00000000d5e00000, 0x0000000100000000)
  eden space 5632K, 100% used [0x00000000d5580000,0x00000000d5b00000,0x00000000d5b00000)
  from space 1536K, 65% used [0x00000000d5c80000,0x00000000d5d7b9d0,0x00000000d5e00000)
  to   space 1536K, 0% used [0x00000000d5b00000,0x00000000d5b00000,0x00000000d5c80000)
 ParOldGen       total 324608K, used 324152K [0x0000000080000000, 0x0000000093d00000, 0x00000000d5580000)
  object space 324608K, 99% used [0x0000000080000000,0x0000000093c8e3f8,0x0000000093d00000)
 Metaspace       used 63008K, committed 64448K, reserved 1114112K
  class space    used 6606K, committed 7232K, reserved 1048576K
}
Event: 48.272 GC heap after
{Heap after GC invocations=544 (full 3):
 PSYoungGen      total 6656K, used 832K [0x00000000d5580000, 0x00000000d5d00000, 0x0000000100000000)
  eden space 5632K, 0% used [0x00000000d5580000,0x00000000d5580000,0x00000000d5b00000)
  from space 1024K, 81% used [0x00000000d5b00000,0x00000000d5bd0000,0x00000000d5c00000)
  to   space 1024K, 0% used [0x00000000d5c00000,0x00000000d5c00000,0x00000000d5d00000)
 ParOldGen       total 325120K, used 325035K [0x0000000080000000, 0x0000000093d80000, 0x00000000d5580000)
  object space 325120K, 99% used [0x0000000080000000,0x0000000093d6af78,0x0000000093d80000)
 Metaspace       used 63008K, committed 64448K, reserved 1114112K
  class space    used 6606K, committed 7232K, reserved 1048576K
}
Event: 48.396 GC heap before
{Heap before GC invocations=545 (full 3):
 PSYoungGen      total 6656K, used 6464K [0x00000000d5580000, 0x00000000d5d00000, 0x0000000100000000)
  eden space 5632K, 100% used [0x00000000d5580000,0x00000000d5b00000,0x00000000d5b00000)
  from space 1024K, 81% used [0x00000000d5b00000,0x00000000d5bd0000,0x00000000d5c00000)
  to   space 1024K, 0% used [0x00000000d5c00000,0x00000000d5c00000,0x00000000d5d00000)
 ParOldGen       total 325120K, used 325035K [0x0000000080000000, 0x0000000093d80000, 0x00000000d5580000)
  object space 325120K, 99% used [0x0000000080000000,0x0000000093d6af78,0x0000000093d80000)
 Metaspace       used 63142K, committed 64640K, reserved 1114112K
  class space    used 6617K, committed 7232K, reserved 1048576K
}
Event: 48.400 GC heap after
{Heap after GC invocations=545 (full 3):
 PSYoungGen      total 6656K, used 896K [0x00000000d5580000, 0x00000000d5d00000, 0x0000000100000000)
  eden space 5632K, 0% used [0x00000000d5580000,0x00000000d5580000,0x00000000d5b00000)
  from space 1024K, 87% used [0x00000000d5c00000,0x00000000d5ce0010,0x00000000d5d00000)
  to   space 1024K, 0% used [0x00000000d5b00000,0x00000000d5b00000,0x00000000d5c00000)
 ParOldGen       total 326144K, used 325773K [0x0000000080000000, 0x0000000093e80000, 0x00000000d5580000)
  object space 326144K, 99% used [0x0000000080000000,0x0000000093e235f8,0x0000000093e80000)
 Metaspace       used 63142K, committed 64640K, reserved 1114112K
  class space    used 6617K, committed 7232K, reserved 1048576K
}
Event: 48.458 GC heap before
{Heap before GC invocations=546 (full 3):
 PSYoungGen      total 6656K, used 6514K [0x00000000d5580000, 0x00000000d5d00000, 0x0000000100000000)
  eden space 5632K, 99% used [0x00000000d5580000,0x00000000d5afc870,0x00000000d5b00000)
  from space 1024K, 87% used [0x00000000d5c00000,0x00000000d5ce0010,0x00000000d5d00000)
  to   space 1024K, 0% used [0x00000000d5b00000,0x00000000d5b00000,0x00000000d5c00000)
 ParOldGen       total 326144K, used 325773K [0x0000000080000000, 0x0000000093e80000, 0x00000000d5580000)
  object space 326144K, 99% used [0x0000000080000000,0x0000000093e235f8,0x0000000093e80000)
 Metaspace       used 63145K, committed 64640K, reserved 1114112K
  class space    used 6617K, committed 7232K, reserved 1048576K
}
Event: 48.461 GC heap after
{Heap after GC invocations=546 (full 3):
 PSYoungGen      total 6656K, used 896K [0x00000000d5580000, 0x00000000d5d00000, 0x0000000100000000)
  eden space 5632K, 0% used [0x00000000d5580000,0x00000000d5580000,0x00000000d5b00000)
  from space 1024K, 87% used [0x00000000d5b00000,0x00000000d5be0000,0x00000000d5c00000)
  to   space 1024K, 0% used [0x00000000d5c00000,0x00000000d5c00000,0x00000000d5d00000)
 ParOldGen       total 326656K, used 326355K [0x0000000080000000, 0x0000000093f00000, 0x00000000d5580000)
  object space 326656K, 99% used [0x0000000080000000,0x0000000093eb4e50,0x0000000093f00000)
 Metaspace       used 63145K, committed 64640K, reserved 1114112K
  class space    used 6617K, committed 7232K, reserved 1048576K
}
Event: 48.561 GC heap before
{Heap before GC invocations=547 (full 3):
 PSYoungGen      total 6656K, used 6528K [0x00000000d5580000, 0x00000000d5d00000, 0x0000000100000000)
  eden space 5632K, 100% used [0x00000000d5580000,0x00000000d5b00000,0x00000000d5b00000)
  from space 1024K, 87% used [0x00000000d5b00000,0x00000000d5be0000,0x00000000d5c00000)
  to   space 1024K, 0% used [0x00000000d5c00000,0x00000000d5c00000,0x00000000d5d00000)
 ParOldGen       total 326656K, used 326355K [0x0000000080000000, 0x0000000093f00000, 0x00000000d5580000)
  object space 326656K, 99% used [0x0000000080000000,0x0000000093eb4e50,0x0000000093f00000)
 Metaspace       used 63189K, committed 64640K, reserved 1114112K
  class space    used 6620K, committed 7232K, reserved 1048576K
}
Event: 48.566 GC heap after
{Heap after GC invocations=547 (full 3):
 PSYoungGen      total 6656K, used 997K [0x00000000d5580000, 0x00000000d5d00000, 0x0000000100000000)
  eden space 5632K, 0% used [0x00000000d5580000,0x00000000d5580000,0x00000000d5b00000)
  from space 1024K, 97% used [0x00000000d5c00000,0x00000000d5cf96a8,0x00000000d5d00000)
  to   space 1024K, 0% used [0x00000000d5b00000,0x00000000d5b00000,0x00000000d5c00000)
 ParOldGen       total 327168K, used 326987K [0x0000000080000000, 0x0000000093f80000, 0x00000000d5580000)
  object space 327168K, 99% used [0x0000000080000000,0x0000000093f52c18,0x0000000093f80000)
 Metaspace       used 63189K, committed 64640K, reserved 1114112K
  class space    used 6620K, committed 7232K, reserved 1048576K
}
Event: 48.638 GC heap before
{Heap before GC invocations=548 (full 3):
 PSYoungGen      total 6656K, used 6629K [0x00000000d5580000, 0x00000000d5d00000, 0x0000000100000000)
  eden space 5632K, 100% used [0x00000000d5580000,0x00000000d5b00000,0x00000000d5b00000)
  from space 1024K, 97% used [0x00000000d5c00000,0x00000000d5cf96a8,0x00000000d5d00000)
  to   space 1024K, 0% used [0x00000000d5b00000,0x00000000d5b00000,0x00000000d5c00000)
 ParOldGen       total 327168K, used 326987K [0x0000000080000000, 0x0000000093f80000, 0x00000000d5580000)
  object space 327168K, 99% used [0x0000000080000000,0x0000000093f52c18,0x0000000093f80000)
 Metaspace       used 63197K, committed 64704K, reserved 1114112K
  class space    used 6621K, committed 7296K, reserved 1048576K
}
Event: 49.641 GC heap after
{Heap after GC invocations=548 (full 3):
 PSYoungGen      total 6656K, used 1011K [0x00000000d5580000, 0x00000000d6180000, 0x0000000100000000)
  eden space 5632K, 0% used [0x00000000d5580000,0x00000000d5580000,0x00000000d5b00000)
  from space 1024K, 98% used [0x00000000d5b00000,0x00000000d5bfcd80,0x00000000d5c00000)
  to   space 2560K, 0% used [0x00000000d5f00000,0x00000000d5f00000,0x00000000d6180000)
 ParOldGen       total 328192K, used 328075K [0x0000000080000000, 0x0000000094080000, 0x00000000d5580000)
  object space 328192K, 99% used [0x0000000080000000,0x0000000094062e00,0x0000000094080000)
 Metaspace       used 63197K, committed 64704K, reserved 1114112K
  class space    used 6621K, committed 7296K, reserved 1048576K
}
Event: 49.679 GC heap before
{Heap before GC invocations=549 (full 3):
 PSYoungGen      total 6656K, used 6643K [0x00000000d5580000, 0x00000000d6180000, 0x0000000100000000)
  eden space 5632K, 100% used [0x00000000d5580000,0x00000000d5b00000,0x00000000d5b00000)
  from space 1024K, 98% used [0x00000000d5b00000,0x00000000d5bfcd80,0x00000000d5c00000)
  to   space 2560K, 0% used [0x00000000d5f00000,0x00000000d5f00000,0x00000000d6180000)
 ParOldGen       total 328192K, used 328075K [0x0000000080000000, 0x0000000094080000, 0x00000000d5580000)
  object space 328192K, 99% used [0x0000000080000000,0x0000000094062e00,0x0000000094080000)
 Metaspace       used 63207K, committed 64704K, reserved 1114112K
  class space    used 6621K, committed 7296K, reserved 1048576K
}
Event: 50.682 GC heap after
{Heap after GC invocations=549 (full 3):
 PSYoungGen      total 8704K, used 1492K [0x00000000d5580000, 0x00000000d6080000, 0x0000000100000000)
  eden space 7168K, 0% used [0x00000000d5580000,0x00000000d5580000,0x00000000d5c80000)
  from space 1536K, 97% used [0x00000000d5f00000,0x00000000d60750e8,0x00000000d6080000)
  to   space 2048K, 0% used [0x00000000d5c80000,0x00000000d5c80000,0x00000000d5e80000)
 ParOldGen       total 329216K, used 328831K [0x0000000080000000, 0x0000000094180000, 0x00000000d5580000)
  object space 329216K, 99% used [0x0000000080000000,0x000000009411fc98,0x0000000094180000)
 Metaspace       used 63207K, committed 64704K, reserved 1114112K
  class space    used 6621K, committed 7296K, reserved 1048576K
}
Event: 50.714 GC heap before
{Heap before GC invocations=550 (full 3):
 PSYoungGen      total 8704K, used 8660K [0x00000000d5580000, 0x00000000d6080000, 0x0000000100000000)
  eden space 7168K, 99% used [0x00000000d5580000,0x00000000d5c7fff8,0x00000000d5c80000)
  from space 1536K, 97% used [0x00000000d5f00000,0x00000000d60750e8,0x00000000d6080000)
  to   space 2048K, 0% used [0x00000000d5c80000,0x00000000d5c80000,0x00000000d5e80000)
 ParOldGen       total 329216K, used 328831K [0x0000000080000000, 0x0000000094180000, 0x00000000d5580000)
  object space 329216K, 99% used [0x0000000080000000,0x000000009411fc98,0x0000000094180000)
 Metaspace       used 63224K, committed 64768K, reserved 1114112K
  class space    used 6621K, committed 7296K, reserved 1048576K
}
Event: 50.717 GC heap after
{Heap after GC invocations=550 (full 3):
 PSYoungGen      total 9216K, used 1034K [0x00000000d5580000, 0x00000000d6100000, 0x0000000100000000)
  eden space 7168K, 0% used [0x00000000d5580000,0x00000000d5580000,0x00000000d5c80000)
  from space 2048K, 50% used [0x00000000d5c80000,0x00000000d5d82bf0,0x00000000d5e80000)
  to   space 1536K, 0% used [0x00000000d5f80000,0x00000000d5f80000,0x00000000d6100000)
 ParOldGen       total 329728K, used 329705K [0x0000000080000000, 0x0000000094200000, 0x00000000d5580000)
  object space 329728K, 99% used [0x0000000080000000,0x00000000941fa4d8,0x0000000094200000)
 Metaspace       used 63224K, committed 64768K, reserved 1114112K
  class space    used 6621K, committed 7296K, reserved 1048576K
}
Event: 50.761 GC heap before
{Heap before GC invocations=551 (full 3):
 PSYoungGen      total 9216K, used 8202K [0x00000000d5580000, 0x00000000d6100000, 0x0000000100000000)
  eden space 7168K, 100% used [0x00000000d5580000,0x00000000d5c80000,0x00000000d5c80000)
  from space 2048K, 50% used [0x00000000d5c80000,0x00000000d5d82bf0,0x00000000d5e80000)
  to   space 1536K, 0% used [0x00000000d5f80000,0x00000000d5f80000,0x00000000d6100000)
 ParOldGen       total 329728K, used 329705K [0x0000000080000000, 0x0000000094200000, 0x00000000d5580000)
  object space 329728K, 99% used [0x0000000080000000,0x00000000941fa4d8,0x0000000094200000)
 Metaspace       used 63310K, committed 64832K, reserved 1114112K
  class space    used 6632K, committed 7296K, reserved 1048576K
}
Event: 50.763 GC heap after
{Heap after GC invocations=551 (full 3):
 PSYoungGen      total 9728K, used 768K [0x00000000d5580000, 0x00000000d6080000, 0x0000000100000000)
  eden space 8704K, 0% used [0x00000000d5580000,0x00000000d5580000,0x00000000d5e00000)
  from space 1024K, 75% used [0x00000000d5f80000,0x00000000d6040000,0x00000000d6080000)
  to   space 1024K, 0% used [0x00000000d5e80000,0x00000000d5e80000,0x00000000d5f80000)
 ParOldGen       total 330240K, used 330220K [0x0000000080000000, 0x0000000094280000, 0x00000000d5580000)
  object space 330240K, 99% used [0x0000000080000000,0x000000009427b2c0,0x0000000094280000)
 Metaspace       used 63310K, committed 64832K, reserved 1114112K
  class space    used 6632K, committed 7296K, reserved 1048576K
}
Event: 50.816 GC heap before
{Heap before GC invocations=552 (full 3):
 PSYoungGen      total 9728K, used 9472K [0x00000000d5580000, 0x00000000d6080000, 0x0000000100000000)
  eden space 8704K, 100% used [0x00000000d5580000,0x00000000d5e00000,0x00000000d5e00000)
  from space 1024K, 75% used [0x00000000d5f80000,0x00000000d6040000,0x00000000d6080000)
  to   space 1024K, 0% used [0x00000000d5e80000,0x00000000d5e80000,0x00000000d5f80000)
 ParOldGen       total 330240K, used 330220K [0x0000000080000000, 0x0000000094280000, 0x00000000d5580000)
  object space 330240K, 99% used [0x0000000080000000,0x000000009427b2c0,0x0000000094280000)
 Metaspace       used 63396K, committed 64896K, reserved 1114112K
  class space    used 6645K, committed 7296K, reserved 1048576K
}
Event: 51.858 GC heap after
{Heap after GC invocations=552 (full 3):
 PSYoungGen      total 10240K, used 992K [0x00000000d5580000, 0x00000000d6400000, 0x0000000100000000)
  eden space 9216K, 0% used [0x00000000d5580000,0x00000000d5580000,0x00000000d5e80000)
  from space 1024K, 96% used [0x00000000d5e80000,0x00000000d5f78020,0x00000000d5f80000)
  to   space 2048K, 0% used [0x00000000d6200000,0x00000000d6200000,0x00000000d6400000)
 ParOldGen       total 331264K, used 330801K [0x0000000080000000, 0x0000000094380000, 0x00000000d5580000)
  object space 331264K, 99% used [0x0000000080000000,0x000000009430c508,0x0000000094380000)
 Metaspace       used 63396K, committed 64896K, reserved 1114112K
  class space    used 6645K, committed 7296K, reserved 1048576K
}

Dll operation events (10 events):
Event: 0.046 Loaded shared library c:\Users\HP\.vscode\extensions\redhat.java-1.47.0-win32-x64\jre\21.0.8-win32-x86_64\bin\java.dll
Event: 0.236 Loaded shared library c:\Users\HP\.vscode\extensions\redhat.java-1.47.0-win32-x64\jre\21.0.8-win32-x86_64\bin\zip.dll
Event: 0.288 Loaded shared library C:\Users\HP\.vscode\extensions\redhat.java-1.47.0-win32-x64\jre\21.0.8-win32-x86_64\bin\instrument.dll
Event: 0.303 Loaded shared library C:\Users\HP\.vscode\extensions\redhat.java-1.47.0-win32-x64\jre\21.0.8-win32-x86_64\bin\net.dll
Event: 0.308 Loaded shared library C:\Users\HP\.vscode\extensions\redhat.java-1.47.0-win32-x64\jre\21.0.8-win32-x86_64\bin\nio.dll
Event: 0.315 Loaded shared library C:\Users\HP\.vscode\extensions\redhat.java-1.47.0-win32-x64\jre\21.0.8-win32-x86_64\bin\zip.dll
Event: 0.347 Loaded shared library C:\Users\HP\.vscode\extensions\redhat.java-1.47.0-win32-x64\jre\21.0.8-win32-x86_64\bin\jimage.dll
Event: 0.456 Loaded shared library c:\Users\HP\.vscode\extensions\redhat.java-1.47.0-win32-x64\jre\21.0.8-win32-x86_64\bin\verify.dll
Event: 3.236 Loaded shared library C:\Users\HP\AppData\Roaming\Code\User\globalStorage\redhat.java\1.47.0\config_win\org.eclipse.equinox.launcher\org.eclipse.equinox.launcher.win32.win32.x86_64_1.2.1400.v20250801-0854\eclipse_11916.dll
Event: 10.733 Loaded shared library C:\Users\HP\AppData\Local\Temp\jna-2312\jna12070716590534796814.dll

Deoptimization events (20 events):
Event: 50.685 Thread 0x000001658dfced90 DEOPT PACKING pc=0x00000165a7e08b4d sp=0x0000005a085fdfb0
Event: 50.685 Thread 0x000001658dfced90 DEOPT UNPACKING pc=0x00000165ae114242 sp=0x0000005a085fd4e8 mode 0
Event: 50.695 Thread 0x0000016585bc3fa0 DEOPT PACKING pc=0x00000165a7e08b4d sp=0x0000005a084fd610
Event: 50.695 Thread 0x0000016585bc3fa0 DEOPT UNPACKING pc=0x00000165ae114242 sp=0x0000005a084fcb48 mode 0
Event: 50.703 Thread 0x0000016585bc3910 DEOPT PACKING pc=0x00000165a7e08b4d sp=0x0000005a083fdf80
Event: 50.703 Thread 0x0000016585bc3910 DEOPT UNPACKING pc=0x00000165ae114242 sp=0x0000005a083fd4b8 mode 0
Event: 50.712 Thread 0x0000016585bc6d90 DEOPT PACKING pc=0x00000165a7e08b4d sp=0x0000005a082fd7e0
Event: 50.712 Thread 0x0000016585bc6d90 DEOPT UNPACKING pc=0x00000165ae114242 sp=0x0000005a082fcd18 mode 0
Event: 50.727 Thread 0x0000016585bc6d90 DEOPT PACKING pc=0x00000165a7e08b4d sp=0x0000005a082fd7e0
Event: 50.727 Thread 0x0000016585bc6d90 DEOPT UNPACKING pc=0x00000165ae114242 sp=0x0000005a082fcd18 mode 0
Event: 50.759 Thread 0x0000016585bc3fa0 DEOPT PACKING pc=0x00000165a7e08b4d sp=0x0000005a084fd8e0
Event: 50.759 Thread 0x0000016585bc3fa0 DEOPT UNPACKING pc=0x00000165ae114242 sp=0x0000005a084fce18 mode 0
Event: 50.798 Thread 0x0000016585bc3280 DEOPT PACKING pc=0x00000165a7e08b4d sp=0x0000005a024fdee0
Event: 50.798 Thread 0x0000016585bc3280 DEOPT UNPACKING pc=0x00000165ae114242 sp=0x0000005a024fd418 mode 0
Event: 50.807 Thread 0x000001658dfced90 DEOPT PACKING pc=0x00000165a7e08b4d sp=0x0000005a085fdfd0
Event: 50.807 Thread 0x000001658dfced90 DEOPT UNPACKING pc=0x00000165ae114242 sp=0x0000005a085fd508 mode 0
Event: 50.815 Thread 0x0000016585bc3910 Uncommon trap: trap_request=0xffffff45 fr.pc=0x00000165aeb648bc relative=0x000000000000101c
Event: 50.815 Thread 0x0000016585bc3910 Uncommon trap: reason=unstable_if action=reinterpret pc=0x00000165aeb648bc method=org.codehaus.plexus.util.xml.pull.MXParser.nextImpl()I @ 1122 c2
Event: 50.815 Thread 0x0000016585bc3910 DEOPT PACKING pc=0x00000165aeb648bc sp=0x0000005a083fddf0
Event: 50.815 Thread 0x0000016585bc3910 DEOPT UNPACKING pc=0x00000165ae113aa2 sp=0x0000005a083fdd68 mode 2

Classes loaded (20 events):
Event: 39.408 Loading class java/util/Collections$SynchronizedRandomAccessList
Event: 39.410 Loading class java/util/Collections$SynchronizedList
Event: 39.424 Loading class java/util/Collections$SynchronizedList done
Event: 39.425 Loading class java/util/Collections$SynchronizedRandomAccessList done
Event: 39.543 Loading class java/util/concurrent/CompletableFuture$Signaller
Event: 39.548 Loading class java/util/concurrent/CompletableFuture$Signaller done
Event: 41.148 Loading class java/util/Hashtable$KeySet
Event: 41.158 Loading class java/util/Hashtable$KeySet done
Event: 42.060 Loading class java/lang/invoke/MethodHandleImpl$CountingWrapper$1
Event: 42.065 Loading class java/lang/invoke/MethodHandleImpl$CountingWrapper$1 done
Event: 47.731 Loading class java/util/stream/ReduceOps$5
Event: 47.737 Loading class java/util/stream/ReduceOps$5 done
Event: 47.737 Loading class java/util/stream/ReduceOps$CountingSink$OfRef
Event: 47.740 Loading class java/util/stream/ReduceOps$CountingSink
Event: 47.742 Loading class java/util/stream/ReduceOps$CountingSink done
Event: 47.742 Loading class java/util/stream/ReduceOps$CountingSink$OfRef done
Event: 48.186 Loading class java/util/stream/ReduceOps$1
Event: 48.188 Loading class java/util/stream/ReduceOps$1 done
Event: 48.189 Loading class java/util/stream/ReduceOps$1ReducingSink
Event: 48.190 Loading class java/util/stream/ReduceOps$1ReducingSink done

Classes unloaded (11 events):
Event: 12.121 Thread 0x00000165a3a4a830 Unloading class 0x00000165bc1a3800 'java/lang/invoke/LambdaForm$MH+0x00000165bc1a3800'
Event: 12.121 Thread 0x00000165a3a4a830 Unloading class 0x00000165bc1a3400 'java/lang/invoke/LambdaForm$MH+0x00000165bc1a3400'
Event: 12.121 Thread 0x00000165a3a4a830 Unloading class 0x00000165bc1a3000 'java/lang/invoke/LambdaForm$MH+0x00000165bc1a3000'
Event: 12.121 Thread 0x00000165a3a4a830 Unloading class 0x00000165bc1a2c00 'java/lang/invoke/LambdaForm$MH+0x00000165bc1a2c00'
Event: 12.121 Thread 0x00000165a3a4a830 Unloading class 0x00000165bc1a2800 'java/lang/invoke/LambdaForm$BMH+0x00000165bc1a2800'
Event: 12.121 Thread 0x00000165a3a4a830 Unloading class 0x00000165bc1a2400 'java/lang/invoke/LambdaForm$DMH+0x00000165bc1a2400'
Event: 12.121 Thread 0x00000165a3a4a830 Unloading class 0x00000165bc1a1000 'java/lang/invoke/LambdaForm$DMH+0x00000165bc1a1000'
Event: 31.384 Thread 0x00000165a3a4a830 Unloading class 0x00000165bc69cc00 'java/lang/invoke/LambdaForm$DMH+0x00000165bc69cc00'
Event: 31.385 Thread 0x00000165a3a4a830 Unloading class 0x00000165bc69d000 'java/lang/invoke/LambdaForm$DMH+0x00000165bc69d000'
Event: 31.385 Thread 0x00000165a3a4a830 Unloading class 0x00000165bc69c800 'java/lang/invoke/LambdaForm$DMH+0x00000165bc69c800'
Event: 31.385 Thread 0x00000165a3a4a830 Unloading class 0x00000165bc69c000 'java/lang/invoke/LambdaForm$DMH+0x00000165bc69c000'

Classes redefined (0 events):
No events

Internal exceptions (20 events):
Event: 39.300 Thread 0x00000165fcb60c10 Exception <a 'sun/nio/fs/WindowsException'{0x00000000d56b2c10}> (0x00000000d56b2c10) 
thrown [s\src\hotspot\share\prims\jni.cpp, line 520]
Event: 39.300 Thread 0x00000165fcb60c10 Exception <a 'sun/nio/fs/WindowsException'{0x00000000d56c77b0}> (0x00000000d56c77b0) 
thrown [s\src\hotspot\share\prims\jni.cpp, line 520]
Event: 41.139 Thread 0x00000165fcb60c10 Exception <a 'java/lang/IncompatibleClassChangeError'{0x00000000d5595908}: Found class java.lang.Object, but interface was expected> (0x00000000d5595908) 
thrown [s\src\hotspot\share\interpreter\linkResolver.cpp, line 840]
Event: 41.419 Thread 0x00000165fd9cc260 Exception <a 'sun/nio/fs/WindowsException'{0x00000000d57c7430}> (0x00000000d57c7430) 
thrown [s\src\hotspot\share\prims\jni.cpp, line 520]
Event: 41.421 Thread 0x00000165fd9cc260 Exception <a 'sun/nio/fs/WindowsException'{0x00000000d57c7af0}> (0x00000000d57c7af0) 
thrown [s\src\hotspot\share\prims\jni.cpp, line 520]
Event: 41.424 Thread 0x00000165fd9cc260 Exception <a 'sun/nio/fs/WindowsException'{0x00000000d57cc958}> (0x00000000d57cc958) 
thrown [s\src\hotspot\share\prims\jni.cpp, line 520]
Event: 41.424 Thread 0x00000165fd9cc260 Exception <a 'sun/nio/fs/WindowsException'{0x00000000d57cd018}> (0x00000000d57cd018) 
thrown [s\src\hotspot\share\prims\jni.cpp, line 520]
Event: 41.438 Thread 0x00000165fd9cc260 Exception <a 'java/io/FileNotFoundException'{0x00000000d57fe7c0}> (0x00000000d57fe7c0) 
thrown [s\src\hotspot\share\prims\jni.cpp, line 520]
Event: 41.439 Thread 0x00000165fd9cc260 Exception <a 'java/io/FileNotFoundException'{0x00000000d5802a08}> (0x00000000d5802a08) 
thrown [s\src\hotspot\share\prims\jni.cpp, line 520]
Event: 41.465 Thread 0x00000165fd9cc260 Exception <a 'sun/nio/fs/WindowsException'{0x00000000d5844c40}> (0x00000000d5844c40) 
thrown [s\src\hotspot\share\prims\jni.cpp, line 520]
Event: 41.465 Thread 0x00000165fd9cc260 Exception <a 'sun/nio/fs/WindowsException'{0x00000000d5845300}> (0x00000000d5845300) 
thrown [s\src\hotspot\share\prims\jni.cpp, line 520]
Event: 41.538 Thread 0x00000165fd9cc260 Exception <a 'sun/nio/fs/WindowsException'{0x00000000d55c02a8}> (0x00000000d55c02a8) 
thrown [s\src\hotspot\share\prims\jni.cpp, line 520]
Event: 41.539 Thread 0x00000165fd9cc260 Exception <a 'sun/nio/fs/WindowsException'{0x00000000d55c0968}> (0x00000000d55c0968) 
thrown [s\src\hotspot\share\prims\jni.cpp, line 520]
Event: 43.702 Thread 0x00000165fd9cc8f0 Exception <a 'java/lang/NoSuchMethodError'{0x00000000d57e0500}: 'void java.lang.invoke.DirectMethodHandle$Holder.invokeStatic(java.lang.Object, java.lang.Object, java.lang.Object, java.lang.Object, java.lang.Object, java.lang.Object, java.lang.Object, java.lang.Object)'> (0x00000000d57e0500) 
thrown [s\src\hotspot\share\interpreter\linkResolver.cpp, line 773]
Event: 44.247 Thread 0x00000165fd9cc8f0 Exception <a 'java/lang/NoSuchMethodError'{0x00000000d56d5b28}: 'java.lang.Object java.lang.invoke.DirectMethodHandle$Holder.newInvokeSpecial(java.lang.Object, java.lang.Object, java.lang.Object, java.lang.Object, java.lang.Object, java.lang.Object, java.lang.Object, java.lang.Object)'> (0x00000000d56d5b28) 
thrown [s\src\hotspot\share\interpreter\linkResolver.cpp, line 773]
Event: 44.931 Thread 0x00000165fd9cc260 Implicit null exception at 0x00000165aeb17986 to 0x00000165aeb17a90
Event: 44.996 Thread 0x00000165fd9cc260 Implicit null exception at 0x00000165aeb17406 to 0x00000165aeb17531
Event: 45.019 Thread 0x00000165fd9cc260 Implicit null exception at 0x00000165aeb0e326 to 0x00000165aeb0e8f4
Event: 47.761 Thread 0x00000165fd9cc260 Exception <a 'sun/nio/fs/WindowsException'{0x00000000d57ec3d8}> (0x00000000d57ec3d8) 
thrown [s\src\hotspot\share\prims\jni.cpp, line 520]
Event: 47.762 Thread 0x00000165fd9cc260 Exception <a 'sun/nio/fs/WindowsException'{0x00000000d57eca98}> (0x00000000d57eca98) 
thrown [s\src\hotspot\share\prims\jni.cpp, line 520]

ZGC Phase Switch (0 events):
No events

VM Operations (20 events):
Event: 48.400 Executing VM operation: ParallelGCFailedAllocation (Allocation Failure) done
Event: 48.457 Executing VM operation: ParallelGCFailedAllocation (Allocation Failure)
Event: 48.461 Executing VM operation: ParallelGCFailedAllocation (Allocation Failure) done
Event: 48.504 Executing VM operation: HandshakeAllThreads (Deoptimize)
Event: 48.505 Executing VM operation: HandshakeAllThreads (Deoptimize) done
Event: 48.558 Executing VM operation: ParallelGCFailedAllocation (Allocation Failure)
Event: 48.566 Executing VM operation: ParallelGCFailedAllocation (Allocation Failure) done
Event: 48.635 Executing VM operation: ParallelGCFailedAllocation (Allocation Failure)
Event: 49.641 Executing VM operation: ParallelGCFailedAllocation (Allocation Failure) done
Event: 49.678 Executing VM operation: ParallelGCFailedAllocation (Allocation Failure)
Event: 50.682 Executing VM operation: ParallelGCFailedAllocation (Allocation Failure) done
Event: 50.713 Executing VM operation: ParallelGCFailedAllocation (Allocation Failure)
Event: 50.717 Executing VM operation: ParallelGCFailedAllocation (Allocation Failure) done
Event: 50.760 Executing VM operation: ParallelGCFailedAllocation (Allocation Failure)
Event: 50.763 Executing VM operation: ParallelGCFailedAllocation (Allocation Failure) done
Event: 50.786 Executing VM operation: HandshakeAllThreads (Deoptimize)
Event: 50.787 Executing VM operation: HandshakeAllThreads (Deoptimize) done
Event: 50.816 Executing VM operation: ParallelGCFailedAllocation (Allocation Failure)
Event: 51.859 Executing VM operation: ParallelGCFailedAllocation (Allocation Failure) done
Event: 51.859 Executing VM operation: HandshakeAllThreads (Deoptimize)

Memory protections (0 events):
No events

Nmethod flushes (20 events):
Event: 31.982 Thread 0x00000165a3a4a830 flushing  nmethod 0x00000165a74e3d90
Event: 31.982 Thread 0x00000165a3a4a830 flushing  nmethod 0x00000165a74e4110
Event: 31.982 Thread 0x00000165a3a4a830 flushing  nmethod 0x00000165a74e4690
Event: 31.983 Thread 0x00000165a3a4a830 flushing  nmethod 0x00000165a74e4a90
Event: 31.983 Thread 0x00000165a3a4a830 flushing  nmethod 0x00000165a74e5010
Event: 31.983 Thread 0x00000165a3a4a830 flushing  nmethod 0x00000165a74e6090
Event: 31.983 Thread 0x00000165a3a4a830 flushing  nmethod 0x00000165a74f1d10
Event: 31.983 Thread 0x00000165a3a4a830 flushing  nmethod 0x00000165a74f3d90
Event: 31.983 Thread 0x00000165a3a4a830 flushing  nmethod 0x00000165a74f4390
Event: 31.983 Thread 0x00000165a3a4a830 flushing  nmethod 0x00000165a7534b90
Event: 31.983 Thread 0x00000165a3a4a830 flushing  nmethod 0x00000165a7535010
Event: 31.983 Thread 0x00000165a3a4a830 flushing  nmethod 0x00000165a7535b10
Event: 31.983 Thread 0x00000165a3a4a830 flushing  nmethod 0x00000165a7537f10
Event: 31.983 Thread 0x00000165a3a4a830 flushing  nmethod 0x00000165a7538810
Event: 31.983 Thread 0x00000165a3a4a830 flushing  nmethod 0x00000165a7538b90
Event: 31.983 Thread 0x00000165a3a4a830 flushing  nmethod 0x00000165a753db10
Event: 31.983 Thread 0x00000165a3a4a830 flushing  nmethod 0x00000165a7542110
Event: 31.983 Thread 0x00000165a3a4a830 flushing  nmethod 0x00000165a7555e90
Event: 31.983 Thread 0x00000165a3a4a830 flushing  nmethod 0x00000165a7556690
Event: 31.983 Thread 0x00000165a3a4a830 flushing  nmethod 0x00000165a7559310

Events (20 events):
Event: 36.401 Thread 0x0000016585bc6d90 Thread exited: 0x0000016585bc6d90
Event: 36.401 Thread 0x0000016585bc3280 Thread exited: 0x0000016585bc3280
Event: 36.401 Thread 0x0000016585bc3910 Thread exited: 0x0000016585bc3910
Event: 36.401 Thread 0x0000016585bc3fa0 Thread exited: 0x0000016585bc3fa0
Event: 36.401 Thread 0x0000016585bc6070 Thread exited: 0x0000016585bc6070
Event: 47.215 Thread 0x00000165fd9cc8f0 Thread added: 0x0000016585bc3910
Event: 47.218 Thread 0x00000165fd9cc8f0 Thread added: 0x0000016585bc3fa0
Event: 47.220 Thread 0x00000165fd9cc8f0 Thread added: 0x0000016585bc3280
Event: 47.221 Thread 0x00000165fd9cc8f0 Thread added: 0x0000016585bc6d90
Event: 47.222 Thread 0x00000165fd9cc8f0 Thread added: 0x000001658dda12b0
Event: 47.451 Thread 0x0000016585bc3280 Thread exited: 0x0000016585bc3280
Event: 47.451 Thread 0x0000016585bc6d90 Thread exited: 0x0000016585bc6d90
Event: 47.451 Thread 0x0000016585bc3fa0 Thread exited: 0x0000016585bc3fa0
Event: 47.451 Thread 0x0000016585bc3910 Thread exited: 0x0000016585bc3910
Event: 47.451 Thread 0x000001658dda12b0 Thread exited: 0x000001658dda12b0
Event: 48.330 Thread 0x00000165fd9cc8f0 Thread added: 0x0000016585bc3280
Event: 48.332 Thread 0x00000165fd9cc8f0 Thread added: 0x0000016585bc6d90
Event: 48.333 Thread 0x00000165fd9cc8f0 Thread added: 0x0000016585bc3910
Event: 48.333 Thread 0x00000165fd9cc8f0 Thread added: 0x0000016585bc3fa0
Event: 48.335 Thread 0x00000165fd9cc8f0 Thread added: 0x000001658dfced90


Dynamic libraries:
0x00007ff6813a0000 - 0x00007ff6813ae000 	c:\Users\HP\.vscode\extensions\redhat.java-1.47.0-win32-x64\jre\21.0.8-win32-x86_64\bin\java.exe
0x00007ff89aca0000 - 0x00007ff89af07000 	C:\WINDOWS\SYSTEM32\ntdll.dll
0x00007ff898a30000 - 0x00007ff898af9000 	C:\WINDOWS\System32\KERNEL32.DLL
0x00007ff898090000 - 0x00007ff898480000 	C:\WINDOWS\System32\KERNELBASE.dll
0x00007ff894dd0000 - 0x00007ff894e6e000 	C:\WINDOWS\SYSTEM32\apphelp.dll
0x00007ff898750000 - 0x00007ff89889b000 	C:\WINDOWS\System32\ucrtbase.dll
0x00007ff892d00000 - 0x00007ff892d18000 	c:\Users\HP\.vscode\extensions\redhat.java-1.47.0-win32-x64\jre\21.0.8-win32-x86_64\bin\jli.dll
0x00007ff898e10000 - 0x00007ff898fd5000 	C:\WINDOWS\System32\USER32.dll
0x00007ff88d0a0000 - 0x00007ff88d0be000 	c:\Users\HP\.vscode\extensions\redhat.java-1.47.0-win32-x64\jre\21.0.8-win32-x86_64\bin\VCRUNTIME140.dll
0x00007ff898a00000 - 0x00007ff898a27000 	C:\WINDOWS\System32\win32u.dll
0x00007ff8990a0000 - 0x00007ff8990cb000 	C:\WINDOWS\System32\GDI32.dll
0x00007ff898490000 - 0x00007ff8985c8000 	C:\WINDOWS\System32\gdi32full.dll
0x00007ff897dd0000 - 0x00007ff897e73000 	C:\WINDOWS\System32\msvcp_win.dll
0x00007ff87ebe0000 - 0x00007ff87ee7a000 	C:\WINDOWS\WinSxS\amd64_microsoft.windows.common-controls_6595b64144ccf1df_6.0.26100.4768_none_3e0c112ce331287c\COMCTL32.dll
0x00007ff899110000 - 0x00007ff8991b9000 	C:\WINDOWS\System32\msvcrt.dll
0x00007ff898dd0000 - 0x00007ff898dff000 	C:\WINDOWS\System32\IMM32.DLL
0x00007ff88d2d0000 - 0x00007ff88d2dc000 	c:\Users\HP\.vscode\extensions\redhat.java-1.47.0-win32-x64\jre\21.0.8-win32-x86_64\bin\vcruntime140_1.dll
0x00007ff875df0000 - 0x00007ff875e7d000 	c:\Users\HP\.vscode\extensions\redhat.java-1.47.0-win32-x64\jre\21.0.8-win32-x86_64\bin\msvcp140.dll
0x00007ff815e00000 - 0x00007ff816b97000 	c:\Users\HP\.vscode\extensions\redhat.java-1.47.0-win32-x64\jre\21.0.8-win32-x86_64\bin\server\jvm.dll
0x00007ff898fe0000 - 0x00007ff899094000 	C:\WINDOWS\System32\ADVAPI32.dll
0x00007ff89abb0000 - 0x00007ff89ac56000 	C:\WINDOWS\System32\sechost.dll
0x00007ff899d80000 - 0x00007ff899e98000 	C:\WINDOWS\System32\RPCRT4.dll
0x00007ff89aaf0000 - 0x00007ff89ab64000 	C:\WINDOWS\System32\WS2_32.dll
0x00007ff897a90000 - 0x00007ff897aee000 	C:\WINDOWS\SYSTEM32\POWRPROF.dll
0x00007ff88f840000 - 0x00007ff88f875000 	C:\WINDOWS\SYSTEM32\WINMM.dll
0x00007ff88ff40000 - 0x00007ff88ff4b000 	C:\WINDOWS\SYSTEM32\VERSION.dll
0x00007ff897a70000 - 0x00007ff897a84000 	C:\WINDOWS\SYSTEM32\UMPDC.dll
0x00007ff896b50000 - 0x00007ff896b6b000 	C:\WINDOWS\SYSTEM32\kernel.appcore.dll
0x00007ff88d1d0000 - 0x00007ff88d1da000 	c:\Users\HP\.vscode\extensions\redhat.java-1.47.0-win32-x64\jre\21.0.8-win32-x86_64\bin\jimage.dll
0x00007ff88a7f0000 - 0x00007ff88aa31000 	C:\WINDOWS\SYSTEM32\DBGHELP.DLL
0x00007ff8991c0000 - 0x00007ff899545000 	C:\WINDOWS\System32\combase.dll
0x00007ff89a120000 - 0x00007ff89a200000 	C:\WINDOWS\System32\OLEAUT32.dll
0x00007ff87a930000 - 0x00007ff87a973000 	C:\WINDOWS\SYSTEM32\dbgcore.DLL
0x00007ff898960000 - 0x00007ff8989f9000 	C:\WINDOWS\System32\bcryptPrimitives.dll
0x00007ff88d330000 - 0x00007ff88d33f000 	c:\Users\HP\.vscode\extensions\redhat.java-1.47.0-win32-x64\jre\21.0.8-win32-x86_64\bin\instrument.dll
0x00007ff886aa0000 - 0x00007ff886abf000 	c:\Users\HP\.vscode\extensions\redhat.java-1.47.0-win32-x64\jre\21.0.8-win32-x86_64\bin\java.dll
0x00007ff89a320000 - 0x00007ff89aa6d000 	C:\WINDOWS\System32\SHELL32.dll
0x00007ff897f10000 - 0x00007ff898083000 	C:\WINDOWS\System32\wintypes.dll
0x00007ff8959b0000 - 0x00007ff896210000 	C:\WINDOWS\SYSTEM32\windows.storage.dll
0x00007ff898c80000 - 0x00007ff898d75000 	C:\WINDOWS\System32\SHCORE.dll
0x00007ff899fa0000 - 0x00007ff89a00a000 	C:\WINDOWS\System32\shlwapi.dll
0x00007ff897cf0000 - 0x00007ff897d19000 	C:\WINDOWS\SYSTEM32\profapi.dll
0x00007ff886890000 - 0x00007ff8868a8000 	c:\Users\HP\.vscode\extensions\redhat.java-1.47.0-win32-x64\jre\21.0.8-win32-x86_64\bin\zip.dll
0x00007ff88d1c0000 - 0x00007ff88d1d0000 	C:\Users\HP\.vscode\extensions\redhat.java-1.47.0-win32-x64\jre\21.0.8-win32-x86_64\bin\net.dll
0x00007ff88fbb0000 - 0x00007ff88fcce000 	C:\WINDOWS\SYSTEM32\WINHTTP.dll
0x00007ff8970e0000 - 0x00007ff89714b000 	C:\WINDOWS\system32\mswsock.dll
0x00007ff88d1a0000 - 0x00007ff88d1b6000 	C:\Users\HP\.vscode\extensions\redhat.java-1.47.0-win32-x64\jre\21.0.8-win32-x86_64\bin\nio.dll
0x00007ff88d180000 - 0x00007ff88d190000 	c:\Users\HP\.vscode\extensions\redhat.java-1.47.0-win32-x64\jre\21.0.8-win32-x86_64\bin\verify.dll
0x00007ff876d60000 - 0x00007ff876da4000 	C:\Users\HP\AppData\Roaming\Code\User\globalStorage\redhat.java\1.47.0\config_win\org.eclipse.equinox.launcher\org.eclipse.equinox.launcher.win32.win32.x86_64_1.2.1400.v20250801-0854\eclipse_11916.dll
0x00007ff899bd0000 - 0x00007ff899d70000 	C:\WINDOWS\System32\ole32.dll
0x00007ff8973b0000 - 0x00007ff8973cb000 	C:\WINDOWS\SYSTEM32\CRYPTSP.dll
0x00007ff896ab0000 - 0x00007ff896aeb000 	C:\WINDOWS\system32\rsaenh.dll
0x00007ff897180000 - 0x00007ff8971ab000 	C:\WINDOWS\SYSTEM32\USERENV.dll
0x00007ff897cc0000 - 0x00007ff897ce6000 	C:\WINDOWS\SYSTEM32\bcrypt.dll
0x00007ff8973a0000 - 0x00007ff8973ac000 	C:\WINDOWS\SYSTEM32\CRYPTBASE.dll
0x00007ff8964e0000 - 0x00007ff896513000 	C:\WINDOWS\SYSTEM32\IPHLPAPI.DLL
0x00007ff898c70000 - 0x00007ff898c7a000 	C:\WINDOWS\System32\NSI.dll
0x00007ff886610000 - 0x00007ff886659000 	C:\Users\HP\AppData\Local\Temp\jna-2312\jna12070716590534796814.dll
0x00007ff899100000 - 0x00007ff899108000 	C:\WINDOWS\System32\PSAPI.DLL
0x00007ff890290000 - 0x00007ff8902af000 	C:\WINDOWS\SYSTEM32\dhcpcsvc6.DLL
0x00007ff88fff0000 - 0x00007ff890015000 	C:\WINDOWS\SYSTEM32\dhcpcsvc.DLL
0x00007ff896c80000 - 0x00007ff896cb6000 	C:\WINDOWS\SYSTEM32\ntmarta.dll

JVMTI agents:
c:\Users\HP\.vscode\extensions\redhat.java-1.47.0-win32-x64\lombok\lombok-1.18.39-4050.jar path:c:\Users\HP\.vscode\extensions\redhat.java-1.47.0-win32-x64\jre\21.0.8-win32-x86_64\bin\instrument.dll, loaded, initialized, instrumentlib options:none

dbghelp: loaded successfully - version: 4.0.5 - missing functions: none
symbol engine: initialized successfully - sym options: 0x614 - pdb path: .;c:\Users\HP\.vscode\extensions\redhat.java-1.47.0-win32-x64\jre\21.0.8-win32-x86_64\bin;C:\WINDOWS\SYSTEM32;C:\WINDOWS\WinSxS\amd64_microsoft.windows.common-controls_6595b64144ccf1df_6.0.26100.4768_none_3e0c112ce331287c;c:\Users\HP\.vscode\extensions\redhat.java-1.47.0-win32-x64\jre\21.0.8-win32-x86_64\bin\server;C:\Users\HP\AppData\Roaming\Code\User\globalStorage\redhat.java\1.47.0\config_win\org.eclipse.equinox.launcher\org.eclipse.equinox.launcher.win32.win32.x86_64_1.2.1400.v20250801-0854;C:\Users\HP\AppData\Local\Temp\jna-2312

VM Arguments:
jvm_args: --add-modules=ALL-SYSTEM --add-opens=java.base/java.util=ALL-UNNAMED --add-opens=java.base/java.lang=ALL-UNNAMED --add-opens=java.base/sun.nio.fs=ALL-UNNAMED -Declipse.application=org.eclipse.jdt.ls.core.id1 -Dosgi.bundles.defaultStartLevel=4 -Declipse.product=org.eclipse.jdt.ls.core.product -Djava.import.generatesMetadataFilesAtProjectRoot=false -DDetectVMInstallationsJob.disabled=true -Dfile.encoding=utf8 -XX:+UseParallelGC -XX:GCTimeRatio=4 -XX:AdaptiveSizePolicyWeight=90 -Dsun.zip.disableMemoryMapping=true -Xmx2G -Xms100m -Xlog:disable -javaagent:c:\Users\HP\.vscode\extensions\redhat.java-1.47.0-win32-x64\lombok\lombok-1.18.39-4050.jar -XX:+HeapDumpOnOutOfMemoryError -XX:HeapDumpPath=c:\Users\HP\AppData\Roaming\Code\User\workspaceStorage\1e69dca82d2ee477196b82071fb0b605\redhat.java -Daether.dependencyCollector.impl=bf 
java_command: c:\Users\HP\.vscode\extensions\redhat.java-1.47.0-win32-x64\server\plugins\org.eclipse.equinox.launcher_1.7.100.v20251014-1222.jar -configuration c:\Users\HP\AppData\Roaming\Code\User\globalStorage\redhat.java\1.47.0\config_win -data c:\Users\HP\AppData\Roaming\Code\User\workspaceStorage\1e69dca82d2ee477196b82071fb0b605\redhat.java\jdt_ws --pipe=\\.\pipe\lsp-1cb7c0bd99f9af46c6fb69bed81430c3-sock
java_class_path (initial): c:\Users\HP\.vscode\extensions\redhat.java-1.47.0-win32-x64\server\plugins\org.eclipse.equinox.launcher_1.7.100.v20251014-1222.jar
Launcher Type: SUN_STANDARD

[Global flags]
    uintx AdaptiveSizePolicyWeight                 = 90                                        {product} {command line}
     intx CICompilerCount                          = 4                                         {product} {ergonomic}
    uintx GCTimeRatio                              = 4                                         {product} {command line}
     bool HeapDumpOnOutOfMemoryError               = true                                   {manageable} {command line}
    ccstr HeapDumpPath                             = c:\Users\HP\AppData\Roaming\Code\User\workspaceStorage\1e69dca82d2ee477196b82071fb0b605\redhat.java         {manageable} {command line}
   size_t InitialHeapSize                          = 104857600                                 {product} {command line}
   size_t MaxHeapSize                              = 2147483648                                {product} {command line}
   size_t MaxNewSize                               = 715653120                                 {product} {ergonomic}
   size_t MinHeapDeltaBytes                        = 524288                                    {product} {ergonomic}
   size_t MinHeapSize                              = 104857600                                 {product} {command line}
   size_t NewSize                                  = 34603008                                  {product} {ergonomic}
    uintx NonNMethodCodeHeapSize                   = 5839372                                {pd product} {ergonomic}
    uintx NonProfiledCodeHeapSize                  = 122909434                              {pd product} {ergonomic}
   size_t OldSize                                  = 70254592                                  {product} {ergonomic}
    uintx ProfiledCodeHeapSize                     = 122909434                              {pd product} {ergonomic}
    uintx ReservedCodeCacheSize                    = 251658240                              {pd product} {ergonomic}
     bool SegmentedCodeCache                       = true                                      {product} {ergonomic}
   size_t SoftMaxHeapSize                          = 2147483648                             {manageable} {ergonomic}
     bool UseCompressedOops                        = true                           {product lp64_product} {ergonomic}
     bool UseLargePagesIndividualAllocation        = false                                  {pd product} {ergonomic}
     bool UseParallelGC                            = true                                      {product} {command line}

Logging:
Log output configuration:
 #0: stdout all=off uptime,level,tags foldmultilines=false
 #1: stderr all=off uptime,level,tags foldmultilines=false

Environment Variables:
JAVA_HOME=C:\Program Files\Amazon Corretto\jdk17.0.15_6
PATH=C:\Program Files\Amazon Corretto\jdk17.0.15_6\bin;C:\WINDOWS\system32;C:\WINDOWS;C:\WINDOWS\System32\Wbem;C:\WINDOWS\System32\WindowsPowerShell\v1.0\;C:\WINDOWS\System32\OpenSSH\;C:\ProgramData\chocolatey\bin;C:\Program Files\Vagrant\bin;C:\Program Files\Git\cmd;C:\ProgramData\chocolatey\lib\maven\apache-maven-3.9.11\bin;C:\Program Files\Amazon\AWSCLIV2\;C:\Program Files\Microsoft VS Code\bin;C:\Users\HP\AppData\Local\Microsoft\WindowsApps;C:\Users\HP\AppData\Local\Programs\Microsoft VS Code\bin;C:\Program Files\Oracle\VirtualBox
USERNAME=HP
OS=Windows_NT
PROCESSOR_IDENTIFIER=AMD64 Family 23 Model 104 Stepping 1, AuthenticAMD
TMP=C:\Users\HP\AppData\Local\Temp
TEMP=C:\Users\HP\AppData\Local\Temp




Periodic native trim disabled

---------------  S Y S T E M  ---------------

OS:
 Windows 11 , 64 bit Build 26100 (10.0.26100.4768)
OS uptime: 0 days 23:34 hours
Hyper-V role detected

CPU: total 12 (initial active 12) (12 cores per cpu, 2 threads per core) family 23 model 104 stepping 1 microcode 0x8608108, cx8, cmov, fxsr, ht, mmx, 3dnowpref, sse, sse2, sse3, ssse3, sse4a, sse4.1, sse4.2, popcnt, lzcnt, tsc, tscinvbit, avx, avx2, aes, clmul, bmi1, bmi2, adx, sha, fma, vzeroupper, clflush, clflushopt, hv, rdtscp, rdpid, f16c
Processor Information for the first 12 processors :
  Max Mhz: 2100, Current Mhz: 2100, Mhz Limit: 2100

Memory: 4k page, system-wide physical 3405M (13M free)
TotalPageFile size 13645M (AvailPageFile size 4M)
current process WorkingSet (physical memory assigned to process): 199M, peak: 392M
current process commit charge ("private bytes"): 631M, peak: 633M

vm_info: OpenJDK 64-Bit Server VM (21.0.8+9-LTS) for windows-amd64 JRE (21.0.8+9-LTS), built on 2025-07-15T00:00:00Z by "admin" with MS VC++ 17.7 (VS2022)

END.
